Archive member included to satisfy reference by file (symbol)

/usr/lib/gcc/arm-none-eabi/13.2.1/../../../arm-none-eabi/lib/thumb/v7-m/nofp/libc_nano.a(libc_a-init.o)
                              /usr/lib/gcc/arm-none-eabi/13.2.1/../../../arm-none-eabi/lib/thumb/v7-m/nofp/crt0.o (__libc_init_array)
/usr/lib/gcc/arm-none-eabi/13.2.1/../../../arm-none-eabi/lib/thumb/v7-m/nofp/libc_nano.a(libc_a-memset.o)
                              /usr/lib/gcc/arm-none-eabi/13.2.1/../../../arm-none-eabi/lib/thumb/v7-m/nofp/crt0.o (memset)
/usr/lib/gcc/arm-none-eabi/13.2.1/../../../arm-none-eabi/lib/thumb/v7-m/nofp/libc_nano.a(libc_a-exit.o)
                              /usr/lib/gcc/arm-none-eabi/13.2.1/../../../arm-none-eabi/lib/thumb/v7-m/nofp/crt0.o (exit)
/usr/lib/gcc/arm-none-eabi/13.2.1/../../../arm-none-eabi/lib/thumb/v7-m/nofp/libc_nano.a(libc_a-atexit.o)
                              /usr/lib/gcc/arm-none-eabi/13.2.1/../../../arm-none-eabi/lib/thumb/v7-m/nofp/crt0.o (atexit)
/usr/lib/gcc/arm-none-eabi/13.2.1/../../../arm-none-eabi/lib/thumb/v7-m/nofp/libc_nano.a(libc_a-fini.o)
                              /usr/lib/gcc/arm-none-eabi/13.2.1/../../../arm-none-eabi/lib/thumb/v7-m/nofp/crt0.o (__libc_fini_array)
/usr/lib/gcc/arm-none-eabi/13.2.1/../../../arm-none-eabi/lib/thumb/v7-m/nofp/libc_nano.a(libc_a-findfp.o)
                              /usr/lib/gcc/arm-none-eabi/13.2.1/../../../arm-none-eabi/lib/thumb/v7-m/nofp/libc_nano.a(libc_a-exit.o) (__stdio_exit_handler)
/usr/lib/gcc/arm-none-eabi/13.2.1/../../../arm-none-eabi/lib/thumb/v7-m/nofp/libc_nano.a(libc_a-fflush.o)
                              /usr/lib/gcc/arm-none-eabi/13.2.1/../../../arm-none-eabi/lib/thumb/v7-m/nofp/libc_nano.a(libc_a-findfp.o) (_fflush_r)
/usr/lib/gcc/arm-none-eabi/13.2.1/../../../arm-none-eabi/lib/thumb/v7-m/nofp/libc_nano.a(libc_a-mallocr.o)
                              /usr/lib/gcc/arm-none-eabi/13.2.1/../../../arm-none-eabi/lib/thumb/v7-m/nofp/libc_nano.a(libc_a-findfp.o) (_malloc_r)
/usr/lib/gcc/arm-none-eabi/13.2.1/../../../arm-none-eabi/lib/thumb/v7-m/nofp/libc_nano.a(libc_a-freer.o)
                              /usr/lib/gcc/arm-none-eabi/13.2.1/../../../arm-none-eabi/lib/thumb/v7-m/nofp/libc_nano.a(libc_a-fflush.o) (_free_r)
/usr/lib/gcc/arm-none-eabi/13.2.1/../../../arm-none-eabi/lib/thumb/v7-m/nofp/libc_nano.a(libc_a-fwalk.o)
                              /usr/lib/gcc/arm-none-eabi/13.2.1/../../../arm-none-eabi/lib/thumb/v7-m/nofp/libc_nano.a(libc_a-findfp.o) (_fwalk_sglue)
/usr/lib/gcc/arm-none-eabi/13.2.1/../../../arm-none-eabi/lib/thumb/v7-m/nofp/libc_nano.a(libc_a-__atexit.o)
                              /usr/lib/gcc/arm-none-eabi/13.2.1/../../../arm-none-eabi/lib/thumb/v7-m/nofp/libc_nano.a(libc_a-atexit.o) (__register_exitproc)
/usr/lib/gcc/arm-none-eabi/13.2.1/../../../arm-none-eabi/lib/thumb/v7-m/nofp/libc_nano.a(libc_a-mlock.o)
                              /usr/lib/gcc/arm-none-eabi/13.2.1/../../../arm-none-eabi/lib/thumb/v7-m/nofp/libc_nano.a(libc_a-mallocr.o) (__malloc_lock)
/usr/lib/gcc/arm-none-eabi/13.2.1/../../../arm-none-eabi/lib/thumb/v7-m/nofp/libc_nano.a(libc_a-sbrkr.o)
                              /usr/lib/gcc/arm-none-eabi/13.2.1/../../../arm-none-eabi/lib/thumb/v7-m/nofp/libc_nano.a(libc_a-mallocr.o) (_sbrk_r)
/usr/lib/gcc/arm-none-eabi/13.2.1/../../../arm-none-eabi/lib/thumb/v7-m/nofp/libc_nano.a(libc_a-stdio.o)
                              /usr/lib/gcc/arm-none-eabi/13.2.1/../../../arm-none-eabi/lib/thumb/v7-m/nofp/libc_nano.a(libc_a-findfp.o) (__sread)
/usr/lib/gcc/arm-none-eabi/13.2.1/../../../arm-none-eabi/lib/thumb/v7-m/nofp/libc_nano.a(libc_a-impure.o)
                              /usr/lib/gcc/arm-none-eabi/13.2.1/../../../arm-none-eabi/lib/thumb/v7-m/nofp/libc_nano.a(libc_a-fflush.o) (_impure_ptr)
/usr/lib/gcc/arm-none-eabi/13.2.1/../../../arm-none-eabi/lib/thumb/v7-m/nofp/libc_nano.a(libc_a-closer.o)
                              /usr/lib/gcc/arm-none-eabi/13.2.1/../../../arm-none-eabi/lib/thumb/v7-m/nofp/libc_nano.a(libc_a-stdio.o) (_close_r)
/usr/lib/gcc/arm-none-eabi/13.2.1/../../../arm-none-eabi/lib/thumb/v7-m/nofp/libc_nano.a(libc_a-__call_atexit.o)
                              /usr/lib/gcc/arm-none-eabi/13.2.1/../../../arm-none-eabi/lib/thumb/v7-m/nofp/libc_nano.a(libc_a-__atexit.o) (__call_exitprocs)
/usr/lib/gcc/arm-none-eabi/13.2.1/../../../arm-none-eabi/lib/thumb/v7-m/nofp/libc_nano.a(libc_a-readr.o)
                              /usr/lib/gcc/arm-none-eabi/13.2.1/../../../arm-none-eabi/lib/thumb/v7-m/nofp/libc_nano.a(libc_a-stdio.o) (_read_r)
/usr/lib/gcc/arm-none-eabi/13.2.1/../../../arm-none-eabi/lib/thumb/v7-m/nofp/libc_nano.a(libc_a-reent.o)
                              /usr/lib/gcc/arm-none-eabi/13.2.1/../../../arm-none-eabi/lib/thumb/v7-m/nofp/libc_nano.a(libc_a-sbrkr.o) (errno)
/usr/lib/gcc/arm-none-eabi/13.2.1/../../../arm-none-eabi/lib/thumb/v7-m/nofp/libc_nano.a(libc_a-lseekr.o)
[...]
Memory Configuration

Name             Origin             Length             Attributes
RAM              0x20000000         0x00005000         xrw
FLASH            0x08000000         0x00020000         xr
*default*        0x00000000         0xffffffff

Linker script and memory map

LOAD /usr/lib/gcc/arm-none-eabi/13.2.1/thumb/v7-m/nofp/crti.o
LOAD /usr/lib/gcc/arm-none-eabi/13.2.1/thumb/v7-m/nofp/crtbegin.o
LOAD /usr/lib/gcc/arm-none-eabi/13.2.1/../../../arm-none-eabi/lib/thumb/v7-m/nofp/crt0.o
LOAD /usr/lib/gcc/arm-none-eabi/13.2.1/../../../arm-none-eabi/lib/thumb/v7-m/nofp/libc_nano.a
LOAD /usr/lib/gcc/arm-none-eabi/13.2.1/../../../arm-none-eabi/lib/thumb/v7-m/nofp/libm.a
LOAD CMakeFiles/f103_rc.elf.dir/core/src/error_handlers.c.obj
LOAD CMakeFiles/f103_rc.elf.dir/core/src/main.c.obj
LOAD CMakeFiles/f103_rc.elf.dir/core/src/rcc.c.obj
LOAD CMakeFiles/f103_rc.elf.dir/drivers/cmsis/src/system_stm32f1xx.c.obj
LOAD CMakeFiles/f103_rc.elf.dir/drivers/ll/src/stm32f1xx_ll_adc.c.obj
LOAD CMakeFiles/f103_rc.elf.dir/drivers/ll/src/stm32f1xx_ll_crc.c.obj
LOAD CMakeFiles/f103_rc.elf.dir/drivers/ll/src/stm32f1xx_ll_dac.c.obj
LOAD CMakeFiles/f103_rc.elf.dir/drivers/ll/src/stm32f1xx_ll_dma.c.obj
LOAD CMakeFiles/f103_rc.elf.dir/drivers/ll/src/stm32f1xx_ll_exti.c.obj
LOAD CMakeFiles/f103_rc.elf.dir/drivers/ll/src/stm32f1xx_ll_fsmc.c.obj
LOAD CMakeFiles/f103_rc.elf.dir/drivers/ll/src/stm32f1xx_ll_gpio.c.obj
LOAD CMakeFiles/f103_rc.elf.dir/drivers/ll/src/stm32f1xx_ll_i2c.c.obj
LOAD CMakeFiles/f103_rc.elf.dir/drivers/ll/src/stm32f1xx_ll_pwr.c.obj
LOAD CMakeFiles/f103_rc.elf.dir/drivers/ll/src/stm32f1xx_ll_rcc.c.obj
LOAD CMakeFiles/f103_rc.elf.dir/drivers/ll/src/stm32f1xx_ll_rtc.c.obj
LOAD CMakeFiles/f103_rc.elf.dir/drivers/ll/src/stm32f1xx_ll_sdmmc.c.obj
LOAD CMakeFiles/f103_rc.elf.dir/drivers/ll/src/stm32f1xx_ll_spi.c.obj
LOAD CMakeFiles/f103_rc.elf.dir/drivers/ll/src/stm32f1xx_ll_tim.c.obj
LOAD CMakeFiles/f103_rc.elf.dir/drivers/ll/src/stm32f1xx_ll_usart.c.obj
LOAD CMakeFiles/f103_rc.elf.dir/drivers/ll/src/stm32f1xx_ll_usb.c.obj
LOAD CMakeFiles/f103_rc.elf.dir/drivers/ll/src/stm32f1xx_ll_utils.c.obj
LOAD CMakeFiles/f103_rc.elf.dir/drivers/syscalls/syscalls.c.obj
LOAD CMakeFiles/f103_rc.elf.dir/startup_stm32f103xb.s.obj
START GROUP
LOAD /usr/lib/gcc/arm-none-eabi/13.2.1/thumb/v7-m/nofp/libgcc.a
LOAD /usr/lib/gcc/arm-none-eabi/13.2.1/../../../arm-none-eabi/lib/thumb/v7-m/nofp/libg_nano.a
LOAD /usr/lib/gcc/arm-none-eabi/13.2.1/../../../arm-none-eabi/lib/thumb/v7-m/nofp/libc_nano.a
END GROUP
START GROUP
LOAD /usr/lib/gcc/arm-none-eabi/13.2.1/thumb/v7-m/nofp/libgcc.a
LOAD /usr/lib/gcc/arm-none-eabi/13.2.1/../../../arm-none-eabi/lib/thumb/v7-m/nofp/libc_nano.a
LOAD /usr/lib/gcc/arm-none-eabi/13.2.1/../../../arm-none-eabi/lib/thumb/v7-m/nofp/libnosys.a
END GROUP
START GROUP
LOAD /usr/lib/gcc/arm-none-eabi/13.2.1/thumb/v7-m/nofp/libgcc.a
LOAD /usr/lib/gcc/arm-none-eabi/13.2.1/../../../arm-none-eabi/lib/thumb/v7-m/nofp/libc_nano.a
LOAD /usr/lib/gcc/arm-none-eabi/13.2.1/../../../arm-none-eabi/lib/thumb/v7-m/nofp/libnosys.a
END GROUP
LOAD /usr/lib/gcc/arm-none-eabi/13.2.1/thumb/v7-m/nofp/crtend.o
LOAD /usr/lib/gcc/arm-none-eabi/13.2.1/thumb/v7-m/nofp/crtn.o
                0x20005000                        _estack = (ORIGIN (RAM) + LENGTH (RAM))
                0x00000000                        _Min_Heap_Size = 0x0
                0x00000100                        _Min_Stack_Size = 0x100

.isr_vector     0x08000000      0x10c
                0x08000000                        . = ALIGN (0x4)
 *(.isr_vector)
 .isr_vector    0x08000000      0x10c CMakeFiles/f103_rc.elf.dir/startup_stm32f103xb.s.obj
                0x08000000                g_pfnVectors
                0x0800010c                        . = ALIGN (0x4)

.text           0x0800010c      0x568
                0x0800010c                        . = ALIGN (0x4)
 *(.text)
 .text          0x0800010c       0x88 /usr/lib/gcc/arm-none-eabi/13.2.1/thumb/v7-m/nofp/crtbegin.o
 .text          0x08000194       0x50 /usr/lib/gcc/arm-none-eabi/13.2.1/../../../arm-none-eabi/lib/thumb/v7-m/nofp/libc_nano.a(libc_a-init.o)
                0x08000194                __libc_init_array
 *(.text*)
 .text.error_handler
                0x080001e4        0x6 CMakeFiles/f103_rc.elf.dir/core/src/error_handlers.c.obj
                0x080001e4                error_handler
 *fill*         0x080001ea        0x2 
 .text.LL_APB2_GRP1_EnableClock
                0x080001ec       0x30 CMakeFiles/f103_rc.elf.dir/core/src/main.c.obj
 .text.LL_GPIO_SetPinMode
                0x0800021c       0x64 CMakeFiles/f103_rc.elf.dir/core/src/main.c.obj
 .text.LL_GPIO_TogglePin
                0x08000280       0x38 CMakeFiles/f103_rc.elf.dir/core/src/main.c.obj
 .text.main     0x080002b8       0x34 CMakeFiles/f103_rc.elf.dir/core/src/main.c.obj
                0x080002b8                main
 .text.LL_FLASH_SetLatency
                0x080002ec       0x28 CMakeFiles/f103_rc.elf.dir/core/src/rcc.c.obj
 .text.LL_FLASH_GetLatency
                0x08000314       0x18 CMakeFiles/f103_rc.elf.dir/core/src/rcc.c.obj
 .text.LL_RCC_HSE_Enable
                0x0800032c       0x1c CMakeFiles/f103_rc.elf.dir/core/src/rcc.c.obj
 .text.LL_RCC_HSE_IsReady
                0x08000348       0x24 CMakeFiles/f103_rc.elf.dir/core/src/rcc.c.obj
 .text.LL_RCC_SetSysClkSource
                0x0800036c       0x28 CMakeFiles/f103_rc.elf.dir/core/src/rcc.c.obj
 .text.LL_RCC_GetSysClkSource
                0x08000394       0x18 CMakeFiles/f103_rc.elf.dir/core/src/rcc.c.obj
 .text.LL_RCC_SetAHBPrescaler
                0x080003ac       0x28 CMakeFiles/f103_rc.elf.dir/core/src/rcc.c.obj
 .text.LL_RCC_SetAPB1Prescaler
                0x080003d4       0x28 CMakeFiles/f103_rc.elf.dir/core/src/rcc.c.obj
 .text.LL_RCC_SetAPB2Prescaler
                0x080003fc       0x28 CMakeFiles/f103_rc.elf.dir/core/src/rcc.c.obj
 .text.LL_RCC_PLL_Enable
                0x08000424       0x1c CMakeFiles/f103_rc.elf.dir/core/src/rcc.c.obj
 .text.LL_RCC_PLL_IsReady
                0x08000440       0x24 CMakeFiles/f103_rc.elf.dir/core/src/rcc.c.obj
 .text.LL_RCC_PLL_ConfigDomain_SYS
                0x08000464       0x30 CMakeFiles/f103_rc.elf.dir/core/src/rcc.c.obj
 .text.LL_SYSTICK_SetClkSource
                0x08000494       0x38 CMakeFiles/f103_rc.elf.dir/core/src/rcc.c.obj
 .text.rcc_config
                0x080004cc       0x84 CMakeFiles/f103_rc.elf.dir/core/src/rcc.c.obj
                0x080004cc                rcc_config
 .text.SystemInit
                0x08000550        0xc CMakeFiles/f103_rc.elf.dir/drivers/cmsis/src/system_stm32f1xx.c.obj
                0x08000550                SystemInit
 .text.LL_InitTick
                0x0800055c       0x34 CMakeFiles/f103_rc.elf.dir/drivers/ll/src/stm32f1xx_ll_utils.c.obj
 .text.LL_Init1msTick
                0x08000590       0x1a CMakeFiles/f103_rc.elf.dir/drivers/ll/src/stm32f1xx_ll_utils.c.obj
                0x08000590                LL_Init1msTick
 *fill*         0x080005aa        0x2 
 .text.LL_mDelay
                0x080005ac       0x48 CMakeFiles/f103_rc.elf.dir/drivers/ll/src/stm32f1xx_ll_utils.c.obj
                0x080005ac                LL_mDelay
 .text.LL_SetSystemCoreClock
                0x080005f4       0x1c CMakeFiles/f103_rc.elf.dir/drivers/ll/src/stm32f1xx_ll_utils.c.obj
                0x080005f4                LL_SetSystemCoreClock
 .text.Reset_Handler
                0x08000610       0x48 CMakeFiles/f103_rc.elf.dir/startup_stm32f103xb.s.obj
                0x08000610                Reset_Handler
 .text.Default_Handler
                0x08000658        0x2 CMakeFiles/f103_rc.elf.dir/startup_stm32f103xb.s.obj
                0x08000658                RTC_Alarm_IRQHandler
                0x08000658                EXTI2_IRQHandler
                0x08000658                DebugMon_Handler
                0x08000658                TIM1_CC_IRQHandler
                0x08000658                HardFault_Handler
                0x08000658                SysTick_Handler
                0x08000658                PVD_IRQHandler
                0x08000658                PendSV_Handler
                0x08000658                NMI_Handler
                0x08000658                EXTI3_IRQHandler
                0x08000658                EXTI0_IRQHandler
                0x08000658                I2C2_EV_IRQHandler
                0x08000658                UsageFault_Handler
                0x08000658                ADC1_2_IRQHandler
                0x08000658                SPI1_IRQHandler
                0x08000658                TAMPER_IRQHandler
                0x08000658                DMA1_Channel4_IRQHandler
                0x08000658                USART3_IRQHandler
                0x08000658                RTC_IRQHandler
                0x08000658                DMA1_Channel7_IRQHandler
                0x08000658                CAN1_RX1_IRQHandler
                0x08000658                TIM4_IRQHandler
                0x08000658                I2C1_EV_IRQHandler
                0x08000658                DMA1_Channel6_IRQHandler
                0x08000658                TIM3_IRQHandler
                0x08000658                RCC_IRQHandler
                0x08000658                TIM1_TRG_COM_IRQHandler
                0x08000658                DMA1_Channel1_IRQHandler
                0x08000658                Default_Handler
                0x08000658                EXTI15_10_IRQHandler
                0x08000658                EXTI9_5_IRQHandler
                0x08000658                SPI2_IRQHandler
                0x08000658                MemManage_Handler
                0x08000658                SVC_Handler
                0x08000658                DMA1_Channel5_IRQHandler
                0x08000658                EXTI4_IRQHandler
                0x08000658                USB_LP_CAN1_RX0_IRQHandler
                0x08000658                USB_HP_CAN1_TX_IRQHandler
                0x08000658                DMA1_Channel3_IRQHandler
                0x08000658                TIM1_UP_IRQHandler
                0x08000658                WWDG_IRQHandler
                0x08000658                TIM2_IRQHandler
                0x08000658                TIM1_BRK_IRQHandler
                0x08000658                EXTI1_IRQHandler
                0x08000658                USART2_IRQHandler
                0x08000658                I2C2_ER_IRQHandler
                0x08000658                DMA1_Channel2_IRQHandler
                0x08000658                CAN1_SCE_IRQHandler
                0x08000658                FLASH_IRQHandler
                0x08000658                BusFault_Handler
                0x08000658                USART1_IRQHandler
                0x08000658                I2C1_ER_IRQHandler
                0x08000658                USBWakeUp_IRQHandler
 *(.glue_7)
 .glue_7        0x0800065a        0x0 linker stubs
 *(.glue_7t)
 .glue_7t       0x0800065a        0x0 linker stubs
 *(.eh_frame)
 *fill*         0x0800065a        0x2 
 .eh_frame      0x0800065c        0x0 /usr/lib/gcc/arm-none-eabi/13.2.1/thumb/v7-m/nofp/crtbegin.o
 *(.init)
 .init          0x0800065c        0x4 /usr/lib/gcc/arm-none-eabi/13.2.1/thumb/v7-m/nofp/crti.o
                0x0800065c                _init
 .init          0x08000660        0x8 /usr/lib/gcc/arm-none-eabi/13.2.1/thumb/v7-m/nofp/crtn.o
 *(.fini)
 .fini          0x08000668        0x4 /usr/lib/gcc/arm-none-eabi/13.2.1/thumb/v7-m/nofp/crti.o
                0x08000668                _fini
 .fini          0x0800066c        0x8 /usr/lib/gcc/arm-none-eabi/13.2.1/thumb/v7-m/nofp/crtn.o
                0x08000674                        . = ALIGN (0x4)
                0x08000674                        _etext = .

.vfp11_veneer   0x08000674        0x0
 .vfp11_veneer  0x08000674        0x0 linker stubs

.v4_bx          0x08000674        0x0
 .v4_bx         0x08000674        0x0 linker stubs

.iplt           0x08000674        0x0
 .iplt          0x08000674        0x0 /usr/lib/gcc/arm-none-eabi/13.2.1/thumb/v7-m/nofp/crtbegin.o

.rel.dyn        0x08000674        0x0
 .rel.iplt      0x08000674        0x0 /usr/lib/gcc/arm-none-eabi/13.2.1/thumb/v7-m/nofp/crtbegin.o

.rodata         0x08000674        0x0
                0x08000674                        . = ALIGN (0x4)
 *(.rodata)
 *(.rodata*)
                0x08000674                        . = ALIGN (0x4)

.ARM.extab
 *(.ARM.extab* .gnu.linkonce.armextab.*)

.ARM            0x08000674        0x0
                0x08000674                        __exidx_start = .
 *(.ARM.exidx*)
                0x08000674                        __exidx_end = .

.preinit_array  0x08000674        0x0
                0x08000674                        PROVIDE (__preinit_array_start = .)
 *(.preinit_array*)
                0x08000674                        PROVIDE (__preinit_array_end = .)

.init_array     0x08000674        0x4
                0x08000674                        PROVIDE (__init_array_start = .)
 *(SORT_BY_NAME(.init_array.*))
 *(.init_array*)
 .init_array    0x08000674        0x4 /usr/lib/gcc/arm-none-eabi/13.2.1/thumb/v7-m/nofp/crtbegin.o
                0x08000678                        PROVIDE (__init_array_end = .)

.fini_array     0x08000678        0x4
                0x08000678                        PROVIDE (__fini_array_start = .)
 *(SORT_BY_NAME(.fini_array.*))
 *(.fini_array*)
 .fini_array    0x08000678        0x4 /usr/lib/gcc/arm-none-eabi/13.2.1/thumb/v7-m/nofp/crtbegin.o
                0x0800067c                        PROVIDE (__fini_array_end = .)
                0x0800067c                        _sidata = LOADADDR (.data)

.data           0x20000000        0x4 load address 0x0800067c
                0x20000000                        . = ALIGN (0x4)
                0x20000000                        _sdata = .
 *(.data)
 *(.data*)
 .data.SystemCoreClock
                0x20000000        0x4 CMakeFiles/f103_rc.elf.dir/drivers/cmsis/src/system_stm32f1xx.c.obj
                0x20000000                SystemCoreClock
                0x20000004                        . = ALIGN (0x4)
                0x20000004                        _edata = .

.tm_clone_table
                0x20000004        0x0 load address 0x08000680
 .tm_clone_table
                0x20000004        0x0 /usr/lib/gcc/arm-none-eabi/13.2.1/thumb/v7-m/nofp/crtbegin.o
 .tm_clone_table
                0x20000004        0x0 /usr/lib/gcc/arm-none-eabi/13.2.1/thumb/v7-m/nofp/crtend.o

.igot.plt       0x20000004        0x0 load address 0x08000680
 .igot.plt      0x20000004        0x0 /usr/lib/gcc/arm-none-eabi/13.2.1/thumb/v7-m/nofp/crtbegin.o
                0x20000004                        . = ALIGN (0x4)

.bss            0x20000004       0x1c load address 0x08000680
                0x20000004                        _sbss = .
                0x20000004                        __bss_start__ = _sbss
 *(.bss)
 .bss           0x20000004       0x1c /usr/lib/gcc/arm-none-eabi/13.2.1/thumb/v7-m/nofp/crtbegin.o
 *(.bss*)
 *(COMMON)
                0x20000020                        . = ALIGN (0x4)
                0x20000020                        _ebss = .
                0x20000020                        __bss_end__ = _ebss

._user_heap_stack
                0x20000020      0x100 load address 0x08000680
                0x20000020                        . = ALIGN (0x8)
                0x20000020                        PROVIDE (end = .)
                [!provide]                        PROVIDE (_end = .)
                0x20000020                        . = (. + _Min_Heap_Size)
                0x20000120                        . = (. + _Min_Stack_Size)
 *fill*         0x20000020      0x100 
                0x20000120                        . = ALIGN (0x8)

/DISCARD/
 libc.a(*)
 libm.a(*)
 libgcc.a(*)

.ARM.attributes
                0x00000000       0x29
 *(.ARM.attributes)
 .ARM.attributes
                0x00000000       0x1d /usr/lib/gcc/arm-none-eabi/13.2.1/thumb/v7-m/nofp/crti.o
 .ARM.attributes
                0x0000001d       0x2d /usr/lib/gcc/arm-none-eabi/13.2.1/thumb/v7-m/nofp/crtbegin.o
 .ARM.attributes
                0x0000004a       0x2d /usr/lib/gcc/arm-none-eabi/13.2.1/../../../arm-none-eabi/lib/thumb/v7-m/nofp/libc_nano.a(libc_a-init.o)
 .ARM.attributes
                0x00000077       0x2d CMakeFiles/f103_rc.elf.dir/core/src/error_handlers.c.obj
 .ARM.attributes
                0x000000a4       0x2d CMakeFiles/f103_rc.elf.dir/core/src/main.c.obj
 .ARM.attributes
                0x000000d1       0x2d CMakeFiles/f103_rc.elf.dir/core/src/rcc.c.obj
 .ARM.attributes
                0x000000fe       0x2d CMakeFiles/f103_rc.elf.dir/drivers/cmsis/src/system_stm32f1xx.c.obj
 .ARM.attributes
                0x0000012b       0x2d CMakeFiles/f103_rc.elf.dir/drivers/ll/src/stm32f1xx_ll_utils.c.obj
 .ARM.attributes
                0x00000158       0x21 CMakeFiles/f103_rc.elf.dir/startup_stm32f103xb.s.obj
 .ARM.attributes
                0x00000179       0x2d /usr/lib/gcc/arm-none-eabi/13.2.1/thumb/v7-m/nofp/crtend.o
 .ARM.attributes
                0x000001a6       0x1d /usr/lib/gcc/arm-none-eabi/13.2.1/thumb/v7-m/nofp/crtn.o
OUTPUT(f103_rc.elf elf32-littlearm)
LOAD linker stubs
LOAD /usr/lib/gcc/arm-none-eabi/13.2.1/../../../arm-none-eabi/lib/thumb/v7-m/nofp/libc.a
LOAD /usr/lib/gcc/arm-none-eabi/13.2.1/../../../arm-none-eabi/lib/thumb/v7-m/nofp/libm.a
LOAD /usr/lib/gcc/arm-none-eabi/13.2.1/thumb/v7-m/nofp/libgcc.a

.comment        0x00000000       0x26
 .comment       0x00000000       0x26 /usr/lib/gcc/arm-none-eabi/13.2.1/thumb/v7-m/nofp/crtbegin.o
                                 0x27 (size before relaxing)
 .comment       0x00000026       0x27 /usr/lib/gcc/arm-none-eabi/13.2.1/../../../arm-none-eabi/lib/thumb/v7-m/nofp/libc_nano.a(libc_a-init.o)
 .comment       0x00000026       0x27 CMakeFiles/f103_rc.elf.dir/core/src/error_handlers.c.obj
 .comment       0x00000026       0x27 CMakeFiles/f103_rc.elf.dir/core/src/main.c.obj
 .comment       0x00000026       0x27 CMakeFiles/f103_rc.elf.dir/core/src/rcc.c.obj
 .comment       0x00000026       0x27 CMakeFiles/f103_rc.elf.dir/drivers/cmsis/src/system_stm32f1xx.c.obj
 .comment       0x00000026       0x27 CMakeFiles/f103_rc.elf.dir/drivers/ll/src/stm32f1xx_ll_utils.c.obj
 .comment       0x00000026       0x27 /usr/lib/gcc/arm-none-eabi/13.2.1/thumb/v7-m/nofp/crtend.o

.debug_info     0x00000000     0x120f
 .debug_info    0x00000000      0x10b /usr/lib/gcc/arm-none-eabi/13.2.1/../../../arm-none-eabi/lib/thumb/v7-m/nofp/libc_nano.a(libc_a-init.o)
 .debug_info    0x0000010b       0x39 CMakeFiles/f103_rc.elf.dir/core/src/error_handlers.c.obj
 .debug_info    0x00000144      0x30a CMakeFiles/f103_rc.elf.dir/core/src/main.c.obj
 .debug_info    0x0000044e      0x3cf CMakeFiles/f103_rc.elf.dir/core/src/rcc.c.obj
 .debug_info    0x0000081d      0x1fd CMakeFiles/f103_rc.elf.dir/drivers/cmsis/src/system_stm32f1xx.c.obj
 .debug_info    0x00000a1a      0x7c5 CMakeFiles/f103_rc.elf.dir/drivers/ll/src/stm32f1xx_ll_utils.c.obj
 .debug_info    0x000011df       0x30 CMakeFiles/f103_rc.elf.dir/startup_stm32f103xb.s.obj

.debug_abbrev   0x00000000      0x7b9
 .debug_abbrev  0x00000000       0xc9 /usr/lib/gcc/arm-none-eabi/13.2.1/../../../arm-none-eabi/lib/thumb/v7-m/nofp/libc_nano.a(libc_a-init.o)
 .debug_abbrev  0x000000c9       0x2d CMakeFiles/f103_rc.elf.dir/core/src/error_handlers.c.obj
 .debug_abbrev  0x000000f6      0x1a2 CMakeFiles/f103_rc.elf.dir/core/src/main.c.obj
 .debug_abbrev  0x00000298      0x173 CMakeFiles/f103_rc.elf.dir/core/src/rcc.c.obj
 .debug_abbrev  0x0000040b      0x13e CMakeFiles/f103_rc.elf.dir/drivers/cmsis/src/system_stm32f1xx.c.obj
 .debug_abbrev  0x00000549      0x24c CMakeFiles/f103_rc.elf.dir/drivers/ll/src/stm32f1xx_ll_utils.c.obj
 .debug_abbrev  0x00000795       0x24 CMakeFiles/f103_rc.elf.dir/startup_stm32f103xb.s.obj

.debug_loclists
                0x00000000       0x65
 .debug_loclists
                0x00000000       0x65 /usr/lib/gcc/arm-none-eabi/13.2.1/../../../arm-none-eabi/lib/thumb/v7-m/nofp/libc_nano.a(libc_a-init.o)

.debug_aranges  0x00000000      0x248
 .debug_aranges
                0x00000000       0x20 /usr/lib/gcc/arm-none-eabi/13.2.1/../../../arm-none-eabi/lib/thumb/v7-m/nofp/libc_nano.a(libc_a-init.o)
 .debug_aranges
                0x00000020       0x20 CMakeFiles/f103_rc.elf.dir/core/src/error_handlers.c.obj
 .debug_aranges
                0x00000040       0x38 CMakeFiles/f103_rc.elf.dir/core/src/main.c.obj
 .debug_aranges
                0x00000078       0x88 CMakeFiles/f103_rc.elf.dir/core/src/rcc.c.obj
 .debug_aranges
                0x00000100       0x28 CMakeFiles/f103_rc.elf.dir/drivers/cmsis/src/system_stm32f1xx.c.obj
 .debug_aranges
                0x00000128       0xf8 CMakeFiles/f103_rc.elf.dir/drivers/ll/src/stm32f1xx_ll_utils.c.obj
 .debug_aranges
                0x00000220       0x28 CMakeFiles/f103_rc.elf.dir/startup_stm32f103xb.s.obj

.debug_line     0x00000000      0xf6e
 .debug_line    0x00000000      0x11e /usr/lib/gcc/arm-none-eabi/13.2.1/../../../arm-none-eabi/lib/thumb/v7-m/nofp/libc_nano.a(libc_a-init.o)
 .debug_line    0x0000011e       0x6f CMakeFiles/f103_rc.elf.dir/core/src/error_handlers.c.obj
 .debug_line    0x0000018d      0x256 CMakeFiles/f103_rc.elf.dir/core/src/main.c.obj
 .debug_line    0x000003e3      0x37e CMakeFiles/f103_rc.elf.dir/core/src/rcc.c.obj
 .debug_line    0x00000761      0x1ab CMakeFiles/f103_rc.elf.dir/drivers/cmsis/src/system_stm32f1xx.c.obj
 .debug_line    0x0000090c      0x5ea CMakeFiles/f103_rc.elf.dir/drivers/ll/src/stm32f1xx_ll_utils.c.obj
 .debug_line    0x00000ef6       0x78 CMakeFiles/f103_rc.elf.dir/startup_stm32f103xb.s.obj

.debug_str      0x00000000      0x973
 .debug_str     0x00000000      0x973 /usr/lib/gcc/arm-none-eabi/13.2.1/../../../arm-none-eabi/lib/thumb/v7-m/nofp/libc_nano.a(libc_a-init.o)
                                0x1f2 (size before relaxing)
 .debug_str     0x00000973      0x12b CMakeFiles/f103_rc.elf.dir/core/src/error_handlers.c.obj
 .debug_str     0x00000973      0x299 CMakeFiles/f103_rc.elf.dir/core/src/main.c.obj
 .debug_str     0x00000973      0x39d CMakeFiles/f103_rc.elf.dir/core/src/rcc.c.obj
 .debug_str     0x00000973      0x261 CMakeFiles/f103_rc.elf.dir/drivers/cmsis/src/system_stm32f1xx.c.obj
 .debug_str     0x00000973      0x637 CMakeFiles/f103_rc.elf.dir/drivers/ll/src/stm32f1xx_ll_utils.c.obj
 .debug_str     0x00000973       0x7c CMakeFiles/f103_rc.elf.dir/startup_stm32f103xb.s.obj

.debug_frame    0x00000000      0x754
 .debug_frame   0x00000000       0x2c /usr/lib/gcc/arm-none-eabi/13.2.1/../../../arm-none-eabi/lib/thumb/v7-m/nofp/libc_nano.a(libc_a-init.o)
 .debug_frame   0x0000002c       0x28 CMakeFiles/f103_rc.elf.dir/core/src/error_handlers.c.obj
 .debug_frame   0x00000054       0xa4 CMakeFiles/f103_rc.elf.dir/core/src/main.c.obj
 .debug_frame   0x000000f8      0x204 CMakeFiles/f103_rc.elf.dir/core/src/rcc.c.obj
 .debug_frame   0x000002fc       0x58 CMakeFiles/f103_rc.elf.dir/drivers/cmsis/src/system_stm32f1xx.c.obj
 .debug_frame   0x00000354      0x400 CMakeFiles/f103_rc.elf.dir/drivers/ll/src/stm32f1xx_ll_utils.c.obj

.debug_rnglists
                0x00000000      0x184
 .debug_rnglists
                0x00000000       0x13 CMakeFiles/f103_rc.elf.dir/core/src/error_handlers.c.obj
 .debug_rnglists
                0x00000013       0x25 CMakeFiles/f103_rc.elf.dir/core/src/main.c.obj
 .debug_rnglists
                0x00000038       0x62 CMakeFiles/f103_rc.elf.dir/core/src/rcc.c.obj
 .debug_rnglists
                0x0000009a       0x1a CMakeFiles/f103_rc.elf.dir/drivers/cmsis/src/system_stm32f1xx.c.obj
 .debug_rnglists
                0x000000b4       0xb7 CMakeFiles/f103_rc.elf.dir/drivers/ll/src/stm32f1xx_ll_utils.c.obj
 .debug_rnglists
                0x0000016b       0x19 CMakeFiles/f103_rc.elf.dir/startup_stm32f103xb.s.obj

.debug_line_str
                0x00000000       0x62
 .debug_line_str
                0x00000000       0x62 CMakeFiles/f103_rc.elf.dir/startup_stm32f103xb.s.obj
