Archive member included to satisfy reference by file (symbol)

/usr/lib/gcc/arm-none-eabi/13.2.1/../../../arm-none-eabi/lib/thumb/v7-m/nofp/libc_nano.a(libc_a-init.o)
                              /usr/lib/gcc/arm-none-eabi/13.2.1/../../../arm-none-eabi/lib/thumb/v7-m/nofp/crt0.o (__libc_init_array)
/usr/lib/gcc/arm-none-eabi/13.2.1/../../../arm-none-eabi/lib/thumb/v7-m/nofp/libc_nano.a(libc_a-memset.o)
                              /usr/lib/gcc/arm-none-eabi/13.2.1/../../../arm-none-eabi/lib/thumb/v7-m/nofp/crt0.o (memset)
/usr/lib/gcc/arm-none-eabi/13.2.1/../../../arm-none-eabi/lib/thumb/v7-m/nofp/libc_nano.a(libc_a-exit.o)
                              /usr/lib/gcc/arm-none-eabi/13.2.1/../../../arm-none-eabi/lib/thumb/v7-m/nofp/crt0.o (exit)
/usr/lib/gcc/arm-none-eabi/13.2.1/../../../arm-none-eabi/lib/thumb/v7-m/nofp/libc_nano.a(libc_a-atexit.o)
                              /usr/lib/gcc/arm-none-eabi/13.2.1/../../../arm-none-eabi/lib/thumb/v7-m/nofp/crt0.o (atexit)
/usr/lib/gcc/arm-none-eabi/13.2.1/../../../arm-none-eabi/lib/thumb/v7-m/nofp/libc_nano.a(libc_a-fini.o)
                              /usr/lib/gcc/arm-none-eabi/13.2.1/../../../arm-none-eabi/lib/thumb/v7-m/nofp/crt0.o (__libc_fini_array)
/usr/lib/gcc/arm-none-eabi/13.2.1/../../../arm-none-eabi/lib/thumb/v7-m/nofp/libc_nano.a(libc_a-findfp.o)
                              /usr/lib/gcc/arm-none-eabi/13.2.1/../../../arm-none-eabi/lib/thumb/v7-m/nofp/libc_nano.a(libc_a-exit.o) (__stdio_exit_handler)
/usr/lib/gcc/arm-none-eabi/13.2.1/../../../arm-none-eabi/lib/thumb/v7-m/nofp/libc_nano.a(libc_a-fflush.o)
                              /usr/lib/gcc/arm-none-eabi/13.2.1/../../../arm-none-eabi/lib/thumb/v7-m/nofp/libc_nano.a(libc_a-findfp.o) (_fflush_r)
/usr/lib/gcc/arm-none-eabi/13.2.1/../../../arm-none-eabi/lib/thumb/v7-m/nofp/libc_nano.a(libc_a-mallocr.o)
                              /usr/lib/gcc/arm-none-eabi/13.2.1/../../../arm-none-eabi/lib/thumb/v7-m/nofp/libc_nano.a(libc_a-findfp.o) (_malloc_r)
/usr/lib/gcc/arm-none-eabi/13.2.1/../../../arm-none-eabi/lib/thumb/v7-m/nofp/libc_nano.a(libc_a-freer.o)
                              /usr/lib/gcc/arm-none-eabi/13.2.1/../../../arm-none-eabi/lib/thumb/v7-m/nofp/libc_nano.a(libc_a-fflush.o) (_free_r)
/usr/lib/gcc/arm-none-eabi/13.2.1/../../../arm-none-eabi/lib/thumb/v7-m/nofp/libc_nano.a(libc_a-fwalk.o)
                              /usr/lib/gcc/arm-none-eabi/13.2.1/../../../arm-none-eabi/lib/thumb/v7-m/nofp/libc_nano.a(libc_a-findfp.o) (_fwalk_sglue)
/usr/lib/gcc/arm-none-eabi/13.2.1/../../../arm-none-eabi/lib/thumb/v7-m/nofp/libc_nano.a(libc_a-__atexit.o)
                              /usr/lib/gcc/arm-none-eabi/13.2.1/../../../arm-none-eabi/lib/thumb/v7-m/nofp/libc_nano.a(libc_a-atexit.o) (__register_exitproc)
/usr/lib/gcc/arm-none-eabi/13.2.1/../../../arm-none-eabi/lib/thumb/v7-m/nofp/libc_nano.a(libc_a-mlock.o)
                              /usr/lib/gcc/arm-none-eabi/13.2.1/../../../arm-none-eabi/lib/thumb/v7-m/nofp/libc_nano.a(libc_a-mallocr.o) (__malloc_lock)
/usr/lib/gcc/arm-none-eabi/13.2.1/../../../arm-none-eabi/lib/thumb/v7-m/nofp/libc_nano.a(libc_a-sbrkr.o)
                              /usr/lib/gcc/arm-none-eabi/13.2.1/../../../arm-none-eabi/lib/thumb/v7-m/nofp/libc_nano.a(libc_a-mallocr.o) (_sbrk_r)
/usr/lib/gcc/arm-none-eabi/13.2.1/../../../arm-none-eabi/lib/thumb/v7-m/nofp/libc_nano.a(libc_a-stdio.o)
                              /usr/lib/gcc/arm-none-eabi/13.2.1/../../../arm-none-eabi/lib/thumb/v7-m/nofp/libc_nano.a(libc_a-findfp.o) (__sread)
/usr/lib/gcc/arm-none-eabi/13.2.1/../../../arm-none-eabi/lib/thumb/v7-m/nofp/libc_nano.a(libc_a-impure.o)
                              /usr/lib/gcc/arm-none-eabi/13.2.1/../../../arm-none-eabi/lib/thumb/v7-m/nofp/libc_nano.a(libc_a-fflush.o) (_impure_ptr)
/usr/lib/gcc/arm-none-eabi/13.2.1/../../../arm-none-eabi/lib/thumb/v7-m/nofp/libc_nano.a(libc_a-closer.o)
                              /usr/lib/gcc/arm-none-eabi/13.2.1/../../../arm-none-eabi/lib/thumb/v7-m/nofp/libc_nano.a(libc_a-stdio.o) (_close_r)
/usr/lib/gcc/arm-none-eabi/13.2.1/../../../arm-none-eabi/lib/thumb/v7-m/nofp/libc_nano.a(libc_a-__call_atexit.o)
                              /usr/lib/gcc/arm-none-eabi/13.2.1/../../../arm-none-eabi/lib/thumb/v7-m/nofp/libc_nano.a(libc_a-__atexit.o) (__call_exitprocs)
/usr/lib/gcc/arm-none-eabi/13.2.1/../../../arm-none-eabi/lib/thumb/v7-m/nofp/libc_nano.a(libc_a-readr.o)
                              /usr/lib/gcc/arm-none-eabi/13.2.1/../../../arm-none-eabi/lib/thumb/v7-m/nofp/libc_nano.a(libc_a-stdio.o) (_read_r)
/usr/lib/gcc/arm-none-eabi/13.2.1/../../../arm-none-eabi/lib/thumb/v7-m/nofp/libc_nano.a(libc_a-reent.o)
                              /usr/lib/gcc/arm-none-eabi/13.2.1/../../../arm-none-eabi/lib/thumb/v7-m/nofp/libc_nano.a(libc_a-sbrkr.o) (errno)
/usr/lib/gcc/arm-none-eabi/13.2.1/../../../arm-none-eabi/lib/thumb/v7-m/nofp/libc_nano.a(libc_a-lseekr.o)
[...]
Memory Configuration

Name             Origin             Length             Attributes
RAM              0x20000000         0x00005000         xrw
FLASH            0x08000000         0x00020000         xr
*default*        0x00000000         0xffffffff

Linker script and memory map

LOAD /usr/lib/gcc/arm-none-eabi/13.2.1/thumb/v7-m/nofp/crti.o
LOAD /usr/lib/gcc/arm-none-eabi/13.2.1/thumb/v7-m/nofp/crtbegin.o
LOAD /usr/lib/gcc/arm-none-eabi/13.2.1/../../../arm-none-eabi/lib/thumb/v7-m/nofp/crt0.o
LOAD /usr/lib/gcc/arm-none-eabi/13.2.1/../../../arm-none-eabi/lib/thumb/v7-m/nofp/libc_nano.a
LOAD /usr/lib/gcc/arm-none-eabi/13.2.1/../../../arm-none-eabi/lib/thumb/v7-m/nofp/libm.a
LOAD CMakeFiles/f103_rc.elf.dir/app/display_controller/display_controller.c.obj
LOAD CMakeFiles/f103_rc.elf.dir/app/led_controller/led_controller.c.obj
LOAD CMakeFiles/f103_rc.elf.dir/app/u_rtos/u_rtos.c.obj
LOAD CMakeFiles/f103_rc.elf.dir/core/src/bsp.c.obj
LOAD CMakeFiles/f103_rc.elf.dir/core/src/error_handlers.c.obj
LOAD CMakeFiles/f103_rc.elf.dir/core/src/irq.c.obj
LOAD CMakeFiles/f103_rc.elf.dir/core/src/main.c.obj
LOAD CMakeFiles/f103_rc.elf.dir/core/src/rcc.c.obj
LOAD CMakeFiles/f103_rc.elf.dir/core/src/spi.c.obj
LOAD CMakeFiles/f103_rc.elf.dir/drivers/cmsis/src/system_stm32f1xx.c.obj
LOAD CMakeFiles/f103_rc.elf.dir/drivers/ll/src/stm32f1xx_ll_adc.c.obj
LOAD CMakeFiles/f103_rc.elf.dir/drivers/ll/src/stm32f1xx_ll_crc.c.obj
LOAD CMakeFiles/f103_rc.elf.dir/drivers/ll/src/stm32f1xx_ll_dac.c.obj
LOAD CMakeFiles/f103_rc.elf.dir/drivers/ll/src/stm32f1xx_ll_dma.c.obj
LOAD CMakeFiles/f103_rc.elf.dir/drivers/ll/src/stm32f1xx_ll_exti.c.obj
LOAD CMakeFiles/f103_rc.elf.dir/drivers/ll/src/stm32f1xx_ll_fsmc.c.obj
LOAD CMakeFiles/f103_rc.elf.dir/drivers/ll/src/stm32f1xx_ll_gpio.c.obj
LOAD CMakeFiles/f103_rc.elf.dir/drivers/ll/src/stm32f1xx_ll_i2c.c.obj
LOAD CMakeFiles/f103_rc.elf.dir/drivers/ll/src/stm32f1xx_ll_pwr.c.obj
LOAD CMakeFiles/f103_rc.elf.dir/drivers/ll/src/stm32f1xx_ll_rcc.c.obj
LOAD CMakeFiles/f103_rc.elf.dir/drivers/ll/src/stm32f1xx_ll_rtc.c.obj
LOAD CMakeFiles/f103_rc.elf.dir/drivers/ll/src/stm32f1xx_ll_sdmmc.c.obj
LOAD CMakeFiles/f103_rc.elf.dir/drivers/ll/src/stm32f1xx_ll_spi.c.obj
LOAD CMakeFiles/f103_rc.elf.dir/drivers/ll/src/stm32f1xx_ll_tim.c.obj
LOAD CMakeFiles/f103_rc.elf.dir/drivers/ll/src/stm32f1xx_ll_usart.c.obj
LOAD CMakeFiles/f103_rc.elf.dir/drivers/ll/src/stm32f1xx_ll_usb.c.obj
LOAD CMakeFiles/f103_rc.elf.dir/drivers/ll/src/stm32f1xx_ll_utils.c.obj
LOAD CMakeFiles/f103_rc.elf.dir/drivers/syscalls/syscalls.c.obj
LOAD CMakeFiles/f103_rc.elf.dir/startup_stm32f103xb.s.obj
LOAD FreeRTOS-Kernel/libfreertos_kernel.a
START GROUP
LOAD /usr/lib/gcc/arm-none-eabi/13.2.1/thumb/v7-m/nofp/libgcc.a
LOAD /usr/lib/gcc/arm-none-eabi/13.2.1/../../../arm-none-eabi/lib/thumb/v7-m/nofp/libg_nano.a
LOAD /usr/lib/gcc/arm-none-eabi/13.2.1/../../../arm-none-eabi/lib/thumb/v7-m/nofp/libc_nano.a
END GROUP
START GROUP
LOAD /usr/lib/gcc/arm-none-eabi/13.2.1/thumb/v7-m/nofp/libgcc.a
LOAD /usr/lib/gcc/arm-none-eabi/13.2.1/../../../arm-none-eabi/lib/thumb/v7-m/nofp/libc_nano.a
LOAD /usr/lib/gcc/arm-none-eabi/13.2.1/../../../arm-none-eabi/lib/thumb/v7-m/nofp/libnosys.a
END GROUP
START GROUP
LOAD /usr/lib/gcc/arm-none-eabi/13.2.1/thumb/v7-m/nofp/libgcc.a
LOAD /usr/lib/gcc/arm-none-eabi/13.2.1/../../../arm-none-eabi/lib/thumb/v7-m/nofp/libc_nano.a
LOAD /usr/lib/gcc/arm-none-eabi/13.2.1/../../../arm-none-eabi/lib/thumb/v7-m/nofp/libnosys.a
END GROUP
LOAD /usr/lib/gcc/arm-none-eabi/13.2.1/thumb/v7-m/nofp/crtend.o
LOAD /usr/lib/gcc/arm-none-eabi/13.2.1/thumb/v7-m/nofp/crtn.o
                0x20005000                        _estack = (ORIGIN (RAM) + LENGTH (RAM))
                0x00000200                        _Min_Heap_Size = 0x200
                0x00000400                        _Min_Stack_Size = 0x400

.isr_vector     0x08000000      0x10c
                0x08000000                        . = ALIGN (0x4)
 *(.isr_vector)
 .isr_vector    0x08000000      0x10c CMakeFiles/f103_rc.elf.dir/startup_stm32f103xb.s.obj
                0x08000000                g_pfnVectors
                0x0800010c                        . = ALIGN (0x4)

.text           0x08000110     0x1df0
                0x08000110                        . = ALIGN (0x4)
 *(.text)
 .text          0x08000110       0x88 /usr/lib/gcc/arm-none-eabi/13.2.1/thumb/v7-m/nofp/crtbegin.o
 .text          0x08000198       0x50 /usr/lib/gcc/arm-none-eabi/13.2.1/../../../arm-none-eabi/lib/thumb/v7-m/nofp/libc_nano.a(libc_a-init.o)
                0x08000198                __libc_init_array
 .text          0x080001e8       0xa0 /usr/lib/gcc/arm-none-eabi/13.2.1/../../../arm-none-eabi/lib/thumb/v7-m/nofp/libc_nano.a(libc_a-memset.o)
                0x080001e8                memset
 *(.text*)
 .text.display_controller_handler
                0x08000288        0x6 CMakeFiles/f103_rc.elf.dir/app/display_controller/display_controller.c.obj
                0x08000288                display_controller_handler
 .text.LL_GPIO_TogglePin
                0x0800028e       0x38 CMakeFiles/f103_rc.elf.dir/app/led_controller/led_controller.c.obj
 *fill*         0x080002c6        0x2 
 .text.led_controller_handler
                0x080002c8       0x1c CMakeFiles/f103_rc.elf.dir/app/led_controller/led_controller.c.obj
                0x080002c8                led_controller_handler
 .text.threads_init
                0x080002e4       0x44 CMakeFiles/f103_rc.elf.dir/app/u_rtos/u_rtos.c.obj
                0x080002e4                threads_init
 .text.led_controller_task
                0x08000328       0x14 CMakeFiles/f103_rc.elf.dir/app/u_rtos/u_rtos.c.obj
                0x08000328                led_controller_task
 .text.display_controller_task
                0x0800033c       0x14 CMakeFiles/f103_rc.elf.dir/app/u_rtos/u_rtos.c.obj
                0x0800033c                display_controller_task
 .text.vApplicationStackOverflowHook
                0x08000350       0x14 CMakeFiles/f103_rc.elf.dir/app/u_rtos/u_rtos.c.obj
                0x08000350                vApplicationStackOverflowHook
 .text.__NVIC_SetPriorityGrouping
                0x08000364       0x48 CMakeFiles/f103_rc.elf.dir/core/src/bsp.c.obj
 .text.__NVIC_GetPriorityGrouping
                0x080003ac       0x1c CMakeFiles/f103_rc.elf.dir/core/src/bsp.c.obj
 .text.__NVIC_SetPriority
                0x080003c8       0x54 CMakeFiles/f103_rc.elf.dir/core/src/bsp.c.obj
 .text.NVIC_EncodePriority
                0x0800041c       0x64 CMakeFiles/f103_rc.elf.dir/core/src/bsp.c.obj
 .text.LL_APB2_GRP1_EnableClock
                0x08000480       0x30 CMakeFiles/f103_rc.elf.dir/core/src/bsp.c.obj
 .text.LL_GPIO_SetPinMode
                0x080004b0       0x64 CMakeFiles/f103_rc.elf.dir/core/src/bsp.c.obj
 .text.bsp_init
                0x08000514       0x44 CMakeFiles/f103_rc.elf.dir/core/src/bsp.c.obj
                0x08000514                bsp_init
 .text.error_handler
                0x08000558        0x6 CMakeFiles/f103_rc.elf.dir/core/src/error_handlers.c.obj
                0x08000558                error_handler
 .text.NMI_Handler
                0x0800055e        0x6 CMakeFiles/f103_rc.elf.dir/core/src/irq.c.obj
                0x0800055e                NMI_Handler
 .text.HardFault_Handler
                0x08000564        0x6 CMakeFiles/f103_rc.elf.dir/core/src/irq.c.obj
                0x08000564                HardFault_Handler
 .text.MemManage_Handler
                0x0800056a        0x6 CMakeFiles/f103_rc.elf.dir/core/src/irq.c.obj
                0x0800056a                MemManage_Handler
 .text.BusFault_Handler
                0x08000570        0x6 CMakeFiles/f103_rc.elf.dir/core/src/irq.c.obj
                0x08000570                BusFault_Handler
 .text.UsageFault_Handler
                0x08000576        0x6 CMakeFiles/f103_rc.elf.dir/core/src/irq.c.obj
                0x08000576                UsageFault_Handler
 .text.DebugMon_Handler
                0x0800057c        0xc CMakeFiles/f103_rc.elf.dir/core/src/irq.c.obj
                0x0800057c                DebugMon_Handler
 .text.main     0x08000588       0x12 CMakeFiles/f103_rc.elf.dir/core/src/main.c.obj
                0x08000588                main
 *fill*         0x0800059a        0x2 
 .text.LL_FLASH_SetLatency
                0x0800059c       0x28 CMakeFiles/f103_rc.elf.dir/core/src/rcc.c.obj
 .text.LL_FLASH_GetLatency
                0x080005c4       0x18 CMakeFiles/f103_rc.elf.dir/core/src/rcc.c.obj
 .text.LL_RCC_HSE_Enable
                0x080005dc       0x1c CMakeFiles/f103_rc.elf.dir/core/src/rcc.c.obj
 .text.LL_RCC_HSE_IsReady
                0x080005f8       0x24 CMakeFiles/f103_rc.elf.dir/core/src/rcc.c.obj
 .text.LL_RCC_SetSysClkSource
                0x0800061c       0x28 CMakeFiles/f103_rc.elf.dir/core/src/rcc.c.obj
 .text.LL_RCC_GetSysClkSource
                0x08000644       0x18 CMakeFiles/f103_rc.elf.dir/core/src/rcc.c.obj
 .text.LL_RCC_SetAHBPrescaler
                0x0800065c       0x28 CMakeFiles/f103_rc.elf.dir/core/src/rcc.c.obj
 .text.LL_RCC_SetAPB1Prescaler
                0x08000684       0x28 CMakeFiles/f103_rc.elf.dir/core/src/rcc.c.obj
 .text.LL_RCC_SetAPB2Prescaler
                0x080006ac       0x28 CMakeFiles/f103_rc.elf.dir/core/src/rcc.c.obj
 .text.LL_RCC_PLL_Enable
                0x080006d4       0x1c CMakeFiles/f103_rc.elf.dir/core/src/rcc.c.obj
 .text.LL_RCC_PLL_IsReady
                0x080006f0       0x24 CMakeFiles/f103_rc.elf.dir/core/src/rcc.c.obj
 .text.LL_RCC_PLL_ConfigDomain_SYS
                0x08000714       0x30 CMakeFiles/f103_rc.elf.dir/core/src/rcc.c.obj
 .text.LL_SYSTICK_SetClkSource
                0x08000744       0x38 CMakeFiles/f103_rc.elf.dir/core/src/rcc.c.obj
 .text.rcc_config
                0x0800077c       0x84 CMakeFiles/f103_rc.elf.dir/core/src/rcc.c.obj
                0x0800077c                rcc_config
 .text.SystemInit
                0x08000800        0xc CMakeFiles/f103_rc.elf.dir/drivers/cmsis/src/system_stm32f1xx.c.obj
                0x08000800                SystemInit
 .text.LL_InitTick
                0x0800080c       0x34 CMakeFiles/f103_rc.elf.dir/drivers/ll/src/stm32f1xx_ll_utils.c.obj
 .text.LL_Init1msTick
                0x08000840       0x1a CMakeFiles/f103_rc.elf.dir/drivers/ll/src/stm32f1xx_ll_utils.c.obj
                0x08000840                LL_Init1msTick
 *fill*         0x0800085a        0x2 
 .text.LL_SetSystemCoreClock
                0x0800085c       0x1c CMakeFiles/f103_rc.elf.dir/drivers/ll/src/stm32f1xx_ll_utils.c.obj
                0x0800085c                LL_SetSystemCoreClock
 .text.Reset_Handler
                0x08000878       0x48 CMakeFiles/f103_rc.elf.dir/startup_stm32f103xb.s.obj
                0x08000878                Reset_Handler
 .text.Default_Handler
                0x080008c0        0x2 CMakeFiles/f103_rc.elf.dir/startup_stm32f103xb.s.obj
                0x080008c0                RTC_Alarm_IRQHandler
                0x080008c0                EXTI2_IRQHandler
                0x080008c0                TIM1_CC_IRQHandler
                0x080008c0                PVD_IRQHandler
                0x080008c0                EXTI3_IRQHandler
                0x080008c0                EXTI0_IRQHandler
                0x080008c0                I2C2_EV_IRQHandler
                0x080008c0                ADC1_2_IRQHandler
                0x080008c0                SPI1_IRQHandler
                0x080008c0                TAMPER_IRQHandler
                0x080008c0                DMA1_Channel4_IRQHandler
                0x080008c0                USART3_IRQHandler
                0x080008c0                RTC_IRQHandler
                0x080008c0                DMA1_Channel7_IRQHandler
                0x080008c0                CAN1_RX1_IRQHandler
                0x080008c0                TIM4_IRQHandler
                0x080008c0                I2C1_EV_IRQHandler
                0x080008c0                DMA1_Channel6_IRQHandler
                0x080008c0                TIM3_IRQHandler
                0x080008c0                RCC_IRQHandler
                0x080008c0                TIM1_TRG_COM_IRQHandler
                0x080008c0                DMA1_Channel1_IRQHandler
                0x080008c0                Default_Handler
                0x080008c0                EXTI15_10_IRQHandler
                0x080008c0                EXTI9_5_IRQHandler
                0x080008c0                SPI2_IRQHandler
                0x080008c0                DMA1_Channel5_IRQHandler
                0x080008c0                EXTI4_IRQHandler
                0x080008c0                USB_LP_CAN1_RX0_IRQHandler
                0x080008c0                USB_HP_CAN1_TX_IRQHandler
                0x080008c0                DMA1_Channel3_IRQHandler
                0x080008c0                TIM1_UP_IRQHandler
                0x080008c0                WWDG_IRQHandler
                0x080008c0                TIM2_IRQHandler
                0x080008c0                TIM1_BRK_IRQHandler
                0x080008c0                EXTI1_IRQHandler
                0x080008c0                USART2_IRQHandler
                0x080008c0                I2C2_ER_IRQHandler
                0x080008c0                DMA1_Channel2_IRQHandler
                0x080008c0                CAN1_SCE_IRQHandler
                0x080008c0                FLASH_IRQHandler
                0x080008c0                USART1_IRQHandler
                0x080008c0                I2C1_ER_IRQHandler
                0x080008c0                USBWakeUp_IRQHandler
 .text.prvCreateTask
                0x080008c2       0x78 FreeRTOS-Kernel/libfreertos_kernel.a(tasks.c.obj)
 .text.xTaskCreate
                0x0800093a       0x46 FreeRTOS-Kernel/libfreertos_kernel.a(tasks.c.obj)
                0x0800093a                xTaskCreate
 .text.prvInitialiseNewTask
                0x08000980      0x11c FreeRTOS-Kernel/libfreertos_kernel.a(tasks.c.obj)
 .text.prvAddNewTaskToReadyList
                0x08000a9c      0x130 FreeRTOS-Kernel/libfreertos_kernel.a(tasks.c.obj)
 .text.vTaskDelay
                0x08000bcc       0x68 FreeRTOS-Kernel/libfreertos_kernel.a(tasks.c.obj)
                0x08000bcc                vTaskDelay
 .text.prvCreateIdleTasks
                0x08000c34       0x94 FreeRTOS-Kernel/libfreertos_kernel.a(tasks.c.obj)
 .text.vTaskStartScheduler
                0x08000cc8       0x7c FreeRTOS-Kernel/libfreertos_kernel.a(tasks.c.obj)
                0x08000cc8                vTaskStartScheduler
 .text.vTaskSuspendAll
                0x08000d44       0x1c FreeRTOS-Kernel/libfreertos_kernel.a(tasks.c.obj)
                0x08000d44                vTaskSuspendAll
 .text.xTaskResumeAll
                0x08000d60      0x210 FreeRTOS-Kernel/libfreertos_kernel.a(tasks.c.obj)
                0x08000d60                xTaskResumeAll
 .text.xTaskIncrementTick
                0x08000f70      0x230 FreeRTOS-Kernel/libfreertos_kernel.a(tasks.c.obj)
                0x08000f70                xTaskIncrementTick
 .text.vTaskSwitchContext
                0x080011a0      0x104 FreeRTOS-Kernel/libfreertos_kernel.a(tasks.c.obj)
                0x080011a0                vTaskSwitchContext
 .text.prvIdleTask
                0x080012a4       0x30 FreeRTOS-Kernel/libfreertos_kernel.a(tasks.c.obj)
 .text.prvInitialiseTaskLists
                0x080012d4       0x80 FreeRTOS-Kernel/libfreertos_kernel.a(tasks.c.obj)
 .text.prvCheckTasksWaitingTermination
                0x08001354       0x5c FreeRTOS-Kernel/libfreertos_kernel.a(tasks.c.obj)
 .text.prvDeleteTCB
                0x080013b0       0x20 FreeRTOS-Kernel/libfreertos_kernel.a(tasks.c.obj)
 .text.prvResetNextTaskUnblockTime
                0x080013d0       0x34 FreeRTOS-Kernel/libfreertos_kernel.a(tasks.c.obj)
 .text.prvAddCurrentTaskToDelayedList
                0x08001404      0x104 FreeRTOS-Kernel/libfreertos_kernel.a(tasks.c.obj)
 .text.pvPortMalloc
                0x08001508      0x258 FreeRTOS-Kernel/libfreertos_kernel.a(heap_4.c.obj)
                0x08001508                pvPortMalloc
 .text.vPortFree
                0x08001760       0xe8 FreeRTOS-Kernel/libfreertos_kernel.a(heap_4.c.obj)
                0x08001760                vPortFree
 .text.prvHeapInit
                0x08001848       0xb4 FreeRTOS-Kernel/libfreertos_kernel.a(heap_4.c.obj)
 .text.prvInsertBlockIntoFreeList
                0x080018fc       0xf0 FreeRTOS-Kernel/libfreertos_kernel.a(heap_4.c.obj)
 .text.pxPortInitialiseStack
                0x080019ec       0x58 FreeRTOS-Kernel/libfreertos_kernel.a(port.c.obj)
                0x080019ec                pxPortInitialiseStack
 .text.prvTaskExitError
                0x08001a44       0x58 FreeRTOS-Kernel/libfreertos_kernel.a(port.c.obj)
 *fill*         0x08001a9c        0x4 
 .text.SVC_Handler
                0x08001aa0       0x28 FreeRTOS-Kernel/libfreertos_kernel.a(port.c.obj)
                0x08001aa0                SVC_Handler
 .text.prvPortStartFirstTask
                0x08001ac8       0x24 FreeRTOS-Kernel/libfreertos_kernel.a(port.c.obj)
 .text.xPortStartScheduler
                0x08001aec      0x174 FreeRTOS-Kernel/libfreertos_kernel.a(port.c.obj)
                0x08001aec                xPortStartScheduler
 .text.vPortEnterCritical
                0x08001c60       0x60 FreeRTOS-Kernel/libfreertos_kernel.a(port.c.obj)
                0x08001c60                vPortEnterCritical
 .text.vPortExitCritical
                0x08001cc0       0x50 FreeRTOS-Kernel/libfreertos_kernel.a(port.c.obj)
                0x08001cc0                vPortExitCritical
 .text.PendSV_Handler
                0x08001d10       0x48 FreeRTOS-Kernel/libfreertos_kernel.a(port.c.obj)
                0x08001d10                PendSV_Handler
 .text.SysTick_Handler
                0x08001d58       0x44 FreeRTOS-Kernel/libfreertos_kernel.a(port.c.obj)
                0x08001d58                SysTick_Handler
 .text.vPortSetupTimerInterrupt
                0x08001d9c       0x34 FreeRTOS-Kernel/libfreertos_kernel.a(port.c.obj)
                0x08001d9c                vPortSetupTimerInterrupt
 .text.vListInitialise
                0x08001dd0       0x3e FreeRTOS-Kernel/libfreertos_kernel.a(list.c.obj)
                0x08001dd0                vListInitialise
 .text.vListInitialiseItem
                0x08001e0e       0x18 FreeRTOS-Kernel/libfreertos_kernel.a(list.c.obj)
                0x08001e0e                vListInitialiseItem
 .text.vListInsert
                0x08001e26       0x70 FreeRTOS-Kernel/libfreertos_kernel.a(list.c.obj)
                0x08001e26                vListInsert
 .text.uxListRemove
                0x08001e96       0x52 FreeRTOS-Kernel/libfreertos_kernel.a(list.c.obj)
                0x08001e96                uxListRemove
 *(.glue_7)
 .glue_7        0x08001ee8        0x0 linker stubs
 *(.glue_7t)
 .glue_7t       0x08001ee8        0x0 linker stubs
 *(.eh_frame)
 .eh_frame      0x08001ee8        0x0 /usr/lib/gcc/arm-none-eabi/13.2.1/thumb/v7-m/nofp/crtbegin.o
 *(.init)
 .init          0x08001ee8        0x4 /usr/lib/gcc/arm-none-eabi/13.2.1/thumb/v7-m/nofp/crti.o
                0x08001ee8                _init
 .init          0x08001eec        0x8 /usr/lib/gcc/arm-none-eabi/13.2.1/thumb/v7-m/nofp/crtn.o
 *(.fini)
 .fini          0x08001ef4        0x4 /usr/lib/gcc/arm-none-eabi/13.2.1/thumb/v7-m/nofp/crti.o
                0x08001ef4                _fini
 .fini          0x08001ef8        0x8 /usr/lib/gcc/arm-none-eabi/13.2.1/thumb/v7-m/nofp/crtn.o
                0x08001f00                        . = ALIGN (0x4)
                0x08001f00                        _etext = .

.vfp11_veneer   0x08001f00        0x0
 .vfp11_veneer  0x08001f00        0x0 linker stubs

.v4_bx          0x08001f00        0x0
 .v4_bx         0x08001f00        0x0 linker stubs

.iplt           0x08001f00        0x0
 .iplt          0x08001f00        0x0 /usr/lib/gcc/arm-none-eabi/13.2.1/thumb/v7-m/nofp/crtbegin.o

.rodata         0x08001f00       0x30
                0x08001f00                        . = ALIGN (0x4)
 *(.rodata)
 .rodata        0x08001f00       0x23 CMakeFiles/f103_rc.elf.dir/app/u_rtos/u_rtos.c.obj
 *fill*         0x08001f23        0x1 
 .rodata        0x08001f24        0x5 FreeRTOS-Kernel/libfreertos_kernel.a(tasks.c.obj)
 *(.rodata*)
 *fill*         0x08001f29        0x3 
 .rodata.uxTopUsedPriority
                0x08001f2c        0x4 FreeRTOS-Kernel/libfreertos_kernel.a(tasks.c.obj)
                0x08001f30                        . = ALIGN (0x4)

.rel.dyn        0x08001f30        0x0
 .rel.iplt      0x08001f30        0x0 /usr/lib/gcc/arm-none-eabi/13.2.1/thumb/v7-m/nofp/crtbegin.o

.ARM.extab
 *(.ARM.extab* .gnu.linkonce.armextab.*)

.ARM            0x08001f30        0x0
                0x08001f30                        __exidx_start = .
 *(.ARM.exidx*)
                0x08001f30                        __exidx_end = .

.preinit_array  0x08001f30        0x0
                0x08001f30                        PROVIDE (__preinit_array_start = .)
 *(.preinit_array*)
                0x08001f30                        PROVIDE (__preinit_array_end = .)

.init_array     0x08001f30        0x4
                0x08001f30                        PROVIDE (__init_array_start = .)
 *(SORT_BY_NAME(.init_array.*))
 *(.init_array*)
 .init_array    0x08001f30        0x4 /usr/lib/gcc/arm-none-eabi/13.2.1/thumb/v7-m/nofp/crtbegin.o
                0x08001f34                        PROVIDE (__init_array_end = .)

.fini_array     0x08001f34        0x4
                0x08001f34                        PROVIDE (__fini_array_start = .)
 *(SORT_BY_NAME(.fini_array.*))
 *(.fini_array*)
 .fini_array    0x08001f34        0x4 /usr/lib/gcc/arm-none-eabi/13.2.1/thumb/v7-m/nofp/crtbegin.o
                0x08001f38                        PROVIDE (__fini_array_end = .)
                0x08001f38                        _sidata = LOADADDR (.data)

.data           0x20000000        0x8 load address 0x08001f38
                0x20000000                        . = ALIGN (0x4)
                0x20000000                        _sdata = .
 *(.data)
 *(.data*)
 .data.SystemCoreClock
                0x20000000        0x4 CMakeFiles/f103_rc.elf.dir/drivers/cmsis/src/system_stm32f1xx.c.obj
                0x20000000                SystemCoreClock
 .data.uxCriticalNesting
                0x20000004        0x4 FreeRTOS-Kernel/libfreertos_kernel.a(port.c.obj)
                0x20000008                        . = ALIGN (0x4)
                0x20000008                        _edata = .

.tm_clone_table
                0x20000008        0x0 load address 0x08001f40
 .tm_clone_table
                0x20000008        0x0 /usr/lib/gcc/arm-none-eabi/13.2.1/thumb/v7-m/nofp/crtbegin.o
 .tm_clone_table
                0x20000008        0x0 /usr/lib/gcc/arm-none-eabi/13.2.1/thumb/v7-m/nofp/crtend.o

.igot.plt       0x20000008        0x0 load address 0x08001f40
 .igot.plt      0x20000008        0x0 /usr/lib/gcc/arm-none-eabi/13.2.1/thumb/v7-m/nofp/crtbegin.o
                0x20000008                        . = ALIGN (0x4)

.bss            0x20000008      0xd44 load address 0x08001f40
                0x20000008                        _sbss = .
                0x20000008                        __bss_start__ = _sbss
 *(.bss)
 .bss           0x20000008       0x1c /usr/lib/gcc/arm-none-eabi/13.2.1/thumb/v7-m/nofp/crtbegin.o
 *(.bss*)
 .bss.pxCurrentTCB
                0x20000024        0x4 FreeRTOS-Kernel/libfreertos_kernel.a(tasks.c.obj)
                0x20000024                pxCurrentTCB
 .bss.pxReadyTasksLists
                0x20000028       0x64 FreeRTOS-Kernel/libfreertos_kernel.a(tasks.c.obj)
 .bss.xDelayedTaskList1
                0x2000008c       0x14 FreeRTOS-Kernel/libfreertos_kernel.a(tasks.c.obj)
 .bss.xDelayedTaskList2
                0x200000a0       0x14 FreeRTOS-Kernel/libfreertos_kernel.a(tasks.c.obj)
 .bss.pxDelayedTaskList
                0x200000b4        0x4 FreeRTOS-Kernel/libfreertos_kernel.a(tasks.c.obj)
 .bss.pxOverflowDelayedTaskList
                0x200000b8        0x4 FreeRTOS-Kernel/libfreertos_kernel.a(tasks.c.obj)
 .bss.xPendingReadyList
                0x200000bc       0x14 FreeRTOS-Kernel/libfreertos_kernel.a(tasks.c.obj)
 .bss.xTasksWaitingTermination
                0x200000d0       0x14 FreeRTOS-Kernel/libfreertos_kernel.a(tasks.c.obj)
 .bss.uxDeletedTasksWaitingCleanUp
                0x200000e4        0x4 FreeRTOS-Kernel/libfreertos_kernel.a(tasks.c.obj)
 .bss.xSuspendedTaskList
                0x200000e8       0x14 FreeRTOS-Kernel/libfreertos_kernel.a(tasks.c.obj)
 .bss.uxCurrentNumberOfTasks
                0x200000fc        0x4 FreeRTOS-Kernel/libfreertos_kernel.a(tasks.c.obj)
 .bss.xTickCount
                0x20000100        0x4 FreeRTOS-Kernel/libfreertos_kernel.a(tasks.c.obj)
 .bss.uxTopReadyPriority
                0x20000104        0x4 FreeRTOS-Kernel/libfreertos_kernel.a(tasks.c.obj)
 .bss.xSchedulerRunning
                0x20000108        0x4 FreeRTOS-Kernel/libfreertos_kernel.a(tasks.c.obj)
 .bss.xPendedTicks
                0x2000010c        0x4 FreeRTOS-Kernel/libfreertos_kernel.a(tasks.c.obj)
 .bss.xYieldPendings
                0x20000110        0x4 FreeRTOS-Kernel/libfreertos_kernel.a(tasks.c.obj)
 .bss.xNumOfOverflows
                0x20000114        0x4 FreeRTOS-Kernel/libfreertos_kernel.a(tasks.c.obj)
 .bss.uxTaskNumber
                0x20000118        0x4 FreeRTOS-Kernel/libfreertos_kernel.a(tasks.c.obj)
 .bss.xNextTaskUnblockTime
                0x2000011c        0x4 FreeRTOS-Kernel/libfreertos_kernel.a(tasks.c.obj)
 .bss.xIdleTaskHandles
                0x20000120        0x4 FreeRTOS-Kernel/libfreertos_kernel.a(tasks.c.obj)
 .bss.uxSchedulerSuspended
                0x20000124        0x4 FreeRTOS-Kernel/libfreertos_kernel.a(tasks.c.obj)
 .bss.ucHeap    0x20000128      0xc00 FreeRTOS-Kernel/libfreertos_kernel.a(heap_4.c.obj)
 .bss.xStart    0x20000d28        0x8 FreeRTOS-Kernel/libfreertos_kernel.a(heap_4.c.obj)
 .bss.pxEnd     0x20000d30        0x4 FreeRTOS-Kernel/libfreertos_kernel.a(heap_4.c.obj)
 .bss.xFreeBytesRemaining
                0x20000d34        0x4 FreeRTOS-Kernel/libfreertos_kernel.a(heap_4.c.obj)
 .bss.xMinimumEverFreeBytesRemaining
                0x20000d38        0x4 FreeRTOS-Kernel/libfreertos_kernel.a(heap_4.c.obj)
 .bss.xNumberOfSuccessfulAllocations
                0x20000d3c        0x4 FreeRTOS-Kernel/libfreertos_kernel.a(heap_4.c.obj)
 .bss.xNumberOfSuccessfulFrees
                0x20000d40        0x4 FreeRTOS-Kernel/libfreertos_kernel.a(heap_4.c.obj)
 .bss.ucMaxSysCallPriority
                0x20000d44        0x1 FreeRTOS-Kernel/libfreertos_kernel.a(port.c.obj)
 *fill*         0x20000d45        0x3 
 .bss.ulMaxPRIGROUPValue
                0x20000d48        0x4 FreeRTOS-Kernel/libfreertos_kernel.a(port.c.obj)
 *(COMMON)
                0x20000d4c                        . = ALIGN (0x4)
                0x20000d4c                        _ebss = .
                0x20000d4c                        __bss_end__ = _ebss

._user_heap_stack
                0x20000d4c      0x604 load address 0x08001f40
                0x20000d50                        . = ALIGN (0x8)
 *fill*         0x20000d4c        0x4 
                0x20000d50                        PROVIDE (end = .)
                [!provide]                        PROVIDE (_end = .)
                0x20000f50                        . = (. + _Min_Heap_Size)
 *fill*         0x20000d50      0x200 
                0x20001350                        . = (. + _Min_Stack_Size)
 *fill*         0x20000f50      0x400 
                0x20001350                        . = ALIGN (0x8)

/DISCARD/
 libc.a(*)
 libm.a(*)
 libgcc.a(*)

.ARM.attributes
                0x00000000       0x29
 *(.ARM.attributes)
 .ARM.attributes
                0x00000000       0x1d /usr/lib/gcc/arm-none-eabi/13.2.1/thumb/v7-m/nofp/crti.o
 .ARM.attributes
                0x0000001d       0x2d /usr/lib/gcc/arm-none-eabi/13.2.1/thumb/v7-m/nofp/crtbegin.o
 .ARM.attributes
                0x0000004a       0x2d /usr/lib/gcc/arm-none-eabi/13.2.1/../../../arm-none-eabi/lib/thumb/v7-m/nofp/libc_nano.a(libc_a-init.o)
 .ARM.attributes
                0x00000077       0x2d /usr/lib/gcc/arm-none-eabi/13.2.1/../../../arm-none-eabi/lib/thumb/v7-m/nofp/libc_nano.a(libc_a-memset.o)
 .ARM.attributes
                0x000000a4       0x2d CMakeFiles/f103_rc.elf.dir/app/display_controller/display_controller.c.obj
 .ARM.attributes
                0x000000d1       0x2d CMakeFiles/f103_rc.elf.dir/app/led_controller/led_controller.c.obj
 .ARM.attributes
                0x000000fe       0x2d CMakeFiles/f103_rc.elf.dir/app/u_rtos/u_rtos.c.obj
 .ARM.attributes
                0x0000012b       0x2d CMakeFiles/f103_rc.elf.dir/core/src/bsp.c.obj
 .ARM.attributes
                0x00000158       0x2d CMakeFiles/f103_rc.elf.dir/core/src/error_handlers.c.obj
 .ARM.attributes
                0x00000185       0x2d CMakeFiles/f103_rc.elf.dir/core/src/irq.c.obj
 .ARM.attributes
                0x000001b2       0x2d CMakeFiles/f103_rc.elf.dir/core/src/main.c.obj
 .ARM.attributes
                0x000001df       0x2d CMakeFiles/f103_rc.elf.dir/core/src/rcc.c.obj
 .ARM.attributes
                0x0000020c       0x2d CMakeFiles/f103_rc.elf.dir/drivers/cmsis/src/system_stm32f1xx.c.obj
 .ARM.attributes
                0x00000239       0x2d CMakeFiles/f103_rc.elf.dir/drivers/ll/src/stm32f1xx_ll_utils.c.obj
 .ARM.attributes
                0x00000266       0x21 CMakeFiles/f103_rc.elf.dir/startup_stm32f103xb.s.obj
 .ARM.attributes
                0x00000287       0x2d FreeRTOS-Kernel/libfreertos_kernel.a(tasks.c.obj)
 .ARM.attributes
                0x000002b4       0x2d FreeRTOS-Kernel/libfreertos_kernel.a(heap_4.c.obj)
 .ARM.attributes
                0x000002e1       0x2d FreeRTOS-Kernel/libfreertos_kernel.a(port.c.obj)
 .ARM.attributes
                0x0000030e       0x2d FreeRTOS-Kernel/libfreertos_kernel.a(list.c.obj)
 .ARM.attributes
                0x0000033b       0x2d /usr/lib/gcc/arm-none-eabi/13.2.1/thumb/v7-m/nofp/crtend.o
 .ARM.attributes
                0x00000368       0x1d /usr/lib/gcc/arm-none-eabi/13.2.1/thumb/v7-m/nofp/crtn.o
OUTPUT(f103_rc.elf elf32-littlearm)
LOAD linker stubs
LOAD /usr/lib/gcc/arm-none-eabi/13.2.1/../../../arm-none-eabi/lib/thumb/v7-m/nofp/libc.a
LOAD /usr/lib/gcc/arm-none-eabi/13.2.1/../../../arm-none-eabi/lib/thumb/v7-m/nofp/libm.a
LOAD /usr/lib/gcc/arm-none-eabi/13.2.1/thumb/v7-m/nofp/libgcc.a

.comment        0x00000000       0x26
 .comment       0x00000000       0x26 /usr/lib/gcc/arm-none-eabi/13.2.1/thumb/v7-m/nofp/crtbegin.o
                                 0x27 (size before relaxing)
 .comment       0x00000026       0x27 /usr/lib/gcc/arm-none-eabi/13.2.1/../../../arm-none-eabi/lib/thumb/v7-m/nofp/libc_nano.a(libc_a-init.o)
 .comment       0x00000026       0x27 /usr/lib/gcc/arm-none-eabi/13.2.1/../../../arm-none-eabi/lib/thumb/v7-m/nofp/libc_nano.a(libc_a-memset.o)
 .comment       0x00000026       0x27 CMakeFiles/f103_rc.elf.dir/app/display_controller/display_controller.c.obj
 .comment       0x00000026       0x27 CMakeFiles/f103_rc.elf.dir/app/led_controller/led_controller.c.obj
 .comment       0x00000026       0x27 CMakeFiles/f103_rc.elf.dir/app/u_rtos/u_rtos.c.obj
 .comment       0x00000026       0x27 CMakeFiles/f103_rc.elf.dir/core/src/bsp.c.obj
 .comment       0x00000026       0x27 CMakeFiles/f103_rc.elf.dir/core/src/error_handlers.c.obj
 .comment       0x00000026       0x27 CMakeFiles/f103_rc.elf.dir/core/src/irq.c.obj
 .comment       0x00000026       0x27 CMakeFiles/f103_rc.elf.dir/core/src/main.c.obj
 .comment       0x00000026       0x27 CMakeFiles/f103_rc.elf.dir/core/src/rcc.c.obj
 .comment       0x00000026       0x27 CMakeFiles/f103_rc.elf.dir/drivers/cmsis/src/system_stm32f1xx.c.obj
 .comment       0x00000026       0x27 CMakeFiles/f103_rc.elf.dir/drivers/ll/src/stm32f1xx_ll_utils.c.obj
 .comment       0x00000026       0x27 FreeRTOS-Kernel/libfreertos_kernel.a(tasks.c.obj)
 .comment       0x00000026       0x27 FreeRTOS-Kernel/libfreertos_kernel.a(heap_4.c.obj)
 .comment       0x00000026       0x27 FreeRTOS-Kernel/libfreertos_kernel.a(port.c.obj)
 .comment       0x00000026       0x27 FreeRTOS-Kernel/libfreertos_kernel.a(list.c.obj)
 .comment       0x00000026       0x27 /usr/lib/gcc/arm-none-eabi/13.2.1/thumb/v7-m/nofp/crtend.o

.debug_info     0x00000000     0x5163
 .debug_info    0x00000000      0x10b /usr/lib/gcc/arm-none-eabi/13.2.1/../../../arm-none-eabi/lib/thumb/v7-m/nofp/libc_nano.a(libc_a-init.o)
 .debug_info    0x0000010b      0x135 /usr/lib/gcc/arm-none-eabi/13.2.1/../../../arm-none-eabi/lib/thumb/v7-m/nofp/libc_nano.a(libc_a-memset.o)
 .debug_info    0x00000240       0x39 CMakeFiles/f103_rc.elf.dir/app/display_controller/display_controller.c.obj
 .debug_info    0x00000279      0x192 CMakeFiles/f103_rc.elf.dir/app/led_controller/led_controller.c.obj
 .debug_info    0x0000040b      0x1d2 CMakeFiles/f103_rc.elf.dir/app/u_rtos/u_rtos.c.obj
 .debug_info    0x000005dd      0x813 CMakeFiles/f103_rc.elf.dir/core/src/bsp.c.obj
 .debug_info    0x00000df0       0x39 CMakeFiles/f103_rc.elf.dir/core/src/error_handlers.c.obj
 .debug_info    0x00000e29       0x87 CMakeFiles/f103_rc.elf.dir/core/src/irq.c.obj
 .debug_info    0x00000eb0       0xa6 CMakeFiles/f103_rc.elf.dir/core/src/main.c.obj
 .debug_info    0x00000f56      0x3cf CMakeFiles/f103_rc.elf.dir/core/src/rcc.c.obj
 .debug_info    0x00001325      0x1fd CMakeFiles/f103_rc.elf.dir/drivers/cmsis/src/system_stm32f1xx.c.obj
 .debug_info    0x00001522      0x7c5 CMakeFiles/f103_rc.elf.dir/drivers/ll/src/stm32f1xx_ll_utils.c.obj
 .debug_info    0x00001ce7       0x30 CMakeFiles/f103_rc.elf.dir/startup_stm32f103xb.s.obj
 .debug_info    0x00001d17     0x26e8 FreeRTOS-Kernel/libfreertos_kernel.a(tasks.c.obj)
 .debug_info    0x000043ff      0x5bb FreeRTOS-Kernel/libfreertos_kernel.a(heap_4.c.obj)
 .debug_info    0x000049ba      0x50f FreeRTOS-Kernel/libfreertos_kernel.a(port.c.obj)
 .debug_info    0x00004ec9      0x29a FreeRTOS-Kernel/libfreertos_kernel.a(list.c.obj)

.debug_abbrev   0x00000000     0x14d2
 .debug_abbrev  0x00000000       0xc9 /usr/lib/gcc/arm-none-eabi/13.2.1/../../../arm-none-eabi/lib/thumb/v7-m/nofp/libc_nano.a(libc_a-init.o)
 .debug_abbrev  0x000000c9       0xb7 /usr/lib/gcc/arm-none-eabi/13.2.1/../../../arm-none-eabi/lib/thumb/v7-m/nofp/libc_nano.a(libc_a-memset.o)
 .debug_abbrev  0x00000180       0x2d CMakeFiles/f103_rc.elf.dir/app/display_controller/display_controller.c.obj
 .debug_abbrev  0x000001ad      0x118 CMakeFiles/f103_rc.elf.dir/app/led_controller/led_controller.c.obj
 .debug_abbrev  0x000002c5       0xf7 CMakeFiles/f103_rc.elf.dir/app/u_rtos/u_rtos.c.obj
 .debug_abbrev  0x000003bc      0x219 CMakeFiles/f103_rc.elf.dir/core/src/bsp.c.obj
 .debug_abbrev  0x000005d5       0x2d CMakeFiles/f103_rc.elf.dir/core/src/error_handlers.c.obj
 .debug_abbrev  0x00000602       0x2f CMakeFiles/f103_rc.elf.dir/core/src/irq.c.obj
 .debug_abbrev  0x00000631       0x6d CMakeFiles/f103_rc.elf.dir/core/src/main.c.obj
 .debug_abbrev  0x0000069e      0x173 CMakeFiles/f103_rc.elf.dir/core/src/rcc.c.obj
 .debug_abbrev  0x00000811      0x13e CMakeFiles/f103_rc.elf.dir/drivers/cmsis/src/system_stm32f1xx.c.obj
 .debug_abbrev  0x0000094f      0x24c CMakeFiles/f103_rc.elf.dir/drivers/ll/src/stm32f1xx_ll_utils.c.obj
 .debug_abbrev  0x00000b9b       0x24 CMakeFiles/f103_rc.elf.dir/startup_stm32f103xb.s.obj
 .debug_abbrev  0x00000bbf      0x37c FreeRTOS-Kernel/libfreertos_kernel.a(tasks.c.obj)
 .debug_abbrev  0x00000f3b      0x258 FreeRTOS-Kernel/libfreertos_kernel.a(heap_4.c.obj)
 .debug_abbrev  0x00001193      0x253 FreeRTOS-Kernel/libfreertos_kernel.a(port.c.obj)
 .debug_abbrev  0x000013e6       0xec FreeRTOS-Kernel/libfreertos_kernel.a(list.c.obj)

.debug_loclists
                0x00000000      0x23c
 .debug_loclists
                0x00000000       0x65 /usr/lib/gcc/arm-none-eabi/13.2.1/../../../arm-none-eabi/lib/thumb/v7-m/nofp/libc_nano.a(libc_a-init.o)
 .debug_loclists
                0x00000065      0x1d7 /usr/lib/gcc/arm-none-eabi/13.2.1/../../../arm-none-eabi/lib/thumb/v7-m/nofp/libc_nano.a(libc_a-memset.o)

.debug_aranges  0x00000000      0x6a0
 .debug_aranges
                0x00000000       0x20 /usr/lib/gcc/arm-none-eabi/13.2.1/../../../arm-none-eabi/lib/thumb/v7-m/nofp/libc_nano.a(libc_a-init.o)
 .debug_aranges
                0x00000020       0x20 /usr/lib/gcc/arm-none-eabi/13.2.1/../../../arm-none-eabi/lib/thumb/v7-m/nofp/libc_nano.a(libc_a-memset.o)
 .debug_aranges
                0x00000040       0x20 CMakeFiles/f103_rc.elf.dir/app/display_controller/display_controller.c.obj
 .debug_aranges
                0x00000060       0x28 CMakeFiles/f103_rc.elf.dir/app/led_controller/led_controller.c.obj
 .debug_aranges
                0x00000088       0x38 CMakeFiles/f103_rc.elf.dir/app/u_rtos/u_rtos.c.obj
 .debug_aranges
                0x000000c0       0x50 CMakeFiles/f103_rc.elf.dir/core/src/bsp.c.obj
 .debug_aranges
                0x00000110       0x20 CMakeFiles/f103_rc.elf.dir/core/src/error_handlers.c.obj
 .debug_aranges
                0x00000130       0x48 CMakeFiles/f103_rc.elf.dir/core/src/irq.c.obj
 .debug_aranges
                0x00000178       0x20 CMakeFiles/f103_rc.elf.dir/core/src/main.c.obj
 .debug_aranges
                0x00000198       0x88 CMakeFiles/f103_rc.elf.dir/core/src/rcc.c.obj
 .debug_aranges
                0x00000220       0x28 CMakeFiles/f103_rc.elf.dir/drivers/cmsis/src/system_stm32f1xx.c.obj
 .debug_aranges
                0x00000248       0xf8 CMakeFiles/f103_rc.elf.dir/drivers/ll/src/stm32f1xx_ll_utils.c.obj
 .debug_aranges
                0x00000340       0x28 CMakeFiles/f103_rc.elf.dir/startup_stm32f103xb.s.obj
 .debug_aranges
                0x00000368      0x218 FreeRTOS-Kernel/libfreertos_kernel.a(tasks.c.obj)
 .debug_aranges
                0x00000580       0x68 FreeRTOS-Kernel/libfreertos_kernel.a(heap_4.c.obj)
 .debug_aranges
                0x000005e8       0x78 FreeRTOS-Kernel/libfreertos_kernel.a(port.c.obj)
 .debug_aranges
                0x00000660       0x40 FreeRTOS-Kernel/libfreertos_kernel.a(list.c.obj)

.debug_line     0x00000000     0x3eef
 .debug_line    0x00000000      0x11e /usr/lib/gcc/arm-none-eabi/13.2.1/../../../arm-none-eabi/lib/thumb/v7-m/nofp/libc_nano.a(libc_a-init.o)
 .debug_line    0x0000011e      0x1b1 /usr/lib/gcc/arm-none-eabi/13.2.1/../../../arm-none-eabi/lib/thumb/v7-m/nofp/libc_nano.a(libc_a-memset.o)
 .debug_line    0x000002cf       0x81 CMakeFiles/f103_rc.elf.dir/app/display_controller/display_controller.c.obj
 .debug_line    0x00000350      0x205 CMakeFiles/f103_rc.elf.dir/app/led_controller/led_controller.c.obj
 .debug_line    0x00000555      0x22b CMakeFiles/f103_rc.elf.dir/app/u_rtos/u_rtos.c.obj
 .debug_line    0x00000780      0x30f CMakeFiles/f103_rc.elf.dir/core/src/bsp.c.obj
 .debug_line    0x00000a8f       0xaf CMakeFiles/f103_rc.elf.dir/core/src/error_handlers.c.obj
 .debug_line    0x00000b3e       0xfd CMakeFiles/f103_rc.elf.dir/core/src/irq.c.obj
 .debug_line    0x00000c3b      0x120 CMakeFiles/f103_rc.elf.dir/core/src/main.c.obj
 .debug_line    0x00000d5b      0x387 CMakeFiles/f103_rc.elf.dir/core/src/rcc.c.obj
 .debug_line    0x000010e2      0x1ab CMakeFiles/f103_rc.elf.dir/drivers/cmsis/src/system_stm32f1xx.c.obj
 .debug_line    0x0000128d      0x5ea CMakeFiles/f103_rc.elf.dir/drivers/ll/src/stm32f1xx_ll_utils.c.obj
 .debug_line    0x00001877       0x78 CMakeFiles/f103_rc.elf.dir/startup_stm32f103xb.s.obj
 .debug_line    0x000018ef     0x19b6 FreeRTOS-Kernel/libfreertos_kernel.a(tasks.c.obj)
 .debug_line    0x000032a5      0x5db FreeRTOS-Kernel/libfreertos_kernel.a(heap_4.c.obj)
 .debug_line    0x00003880      0x41b FreeRTOS-Kernel/libfreertos_kernel.a(port.c.obj)
 .debug_line    0x00003c9b      0x254 FreeRTOS-Kernel/libfreertos_kernel.a(list.c.obj)

.debug_str      0x00000000     0x262d
 .debug_str     0x00000000     0x262d /usr/lib/gcc/arm-none-eabi/13.2.1/../../../arm-none-eabi/lib/thumb/v7-m/nofp/libc_nano.a(libc_a-init.o)
                                0x1f2 (size before relaxing)
 .debug_str     0x0000262d      0x1a5 /usr/lib/gcc/arm-none-eabi/13.2.1/../../../arm-none-eabi/lib/thumb/v7-m/nofp/libc_nano.a(libc_a-memset.o)
 .debug_str     0x0000262d      0x14a CMakeFiles/f103_rc.elf.dir/app/display_controller/display_controller.c.obj
 .debug_str     0x0000262d      0x23a CMakeFiles/f103_rc.elf.dir/app/led_controller/led_controller.c.obj
 .debug_str     0x0000262d      0x2ba CMakeFiles/f103_rc.elf.dir/app/u_rtos/u_rtos.c.obj
 .debug_str     0x0000262d      0x6e2 CMakeFiles/f103_rc.elf.dir/core/src/bsp.c.obj
 .debug_str     0x0000262d      0x12b CMakeFiles/f103_rc.elf.dir/core/src/error_handlers.c.obj
 .debug_str     0x0000262d      0x177 CMakeFiles/f103_rc.elf.dir/core/src/irq.c.obj
 .debug_str     0x0000262d      0x1d7 CMakeFiles/f103_rc.elf.dir/core/src/main.c.obj
 .debug_str     0x0000262d      0x39d CMakeFiles/f103_rc.elf.dir/core/src/rcc.c.obj
 .debug_str     0x0000262d      0x261 CMakeFiles/f103_rc.elf.dir/drivers/cmsis/src/system_stm32f1xx.c.obj
 .debug_str     0x0000262d      0x637 CMakeFiles/f103_rc.elf.dir/drivers/ll/src/stm32f1xx_ll_utils.c.obj
 .debug_str     0x0000262d       0x7c CMakeFiles/f103_rc.elf.dir/startup_stm32f103xb.s.obj
 .debug_str     0x0000262d     0x12cb FreeRTOS-Kernel/libfreertos_kernel.a(tasks.c.obj)
 .debug_str     0x0000262d      0x541 FreeRTOS-Kernel/libfreertos_kernel.a(heap_4.c.obj)
 .debug_str     0x0000262d      0x477 FreeRTOS-Kernel/libfreertos_kernel.a(port.c.obj)
 .debug_str     0x0000262d      0x2f7 FreeRTOS-Kernel/libfreertos_kernel.a(list.c.obj)

.debug_frame    0x00000000     0x1704
 .debug_frame   0x00000000       0x2c /usr/lib/gcc/arm-none-eabi/13.2.1/../../../arm-none-eabi/lib/thumb/v7-m/nofp/libc_nano.a(libc_a-init.o)
 .debug_frame   0x0000002c       0x2c /usr/lib/gcc/arm-none-eabi/13.2.1/../../../arm-none-eabi/lib/thumb/v7-m/nofp/libc_nano.a(libc_a-memset.o)
 .debug_frame   0x00000058       0x28 CMakeFiles/f103_rc.elf.dir/app/display_controller/display_controller.c.obj
 .debug_frame   0x00000080       0x54 CMakeFiles/f103_rc.elf.dir/app/led_controller/led_controller.c.obj
 .debug_frame   0x000000d4       0xa4 CMakeFiles/f103_rc.elf.dir/app/u_rtos/u_rtos.c.obj
 .debug_frame   0x00000178      0x114 CMakeFiles/f103_rc.elf.dir/core/src/bsp.c.obj
 .debug_frame   0x0000028c       0x28 CMakeFiles/f103_rc.elf.dir/core/src/error_handlers.c.obj
 .debug_frame   0x000002b4       0xa8 CMakeFiles/f103_rc.elf.dir/core/src/irq.c.obj
 .debug_frame   0x0000035c       0x2c CMakeFiles/f103_rc.elf.dir/core/src/main.c.obj
 .debug_frame   0x00000388      0x204 CMakeFiles/f103_rc.elf.dir/core/src/rcc.c.obj
 .debug_frame   0x0000058c       0x58 CMakeFiles/f103_rc.elf.dir/drivers/cmsis/src/system_stm32f1xx.c.obj
 .debug_frame   0x000005e4      0x400 CMakeFiles/f103_rc.elf.dir/drivers/ll/src/stm32f1xx_ll_utils.c.obj
 .debug_frame   0x000009e4      0x93c FreeRTOS-Kernel/libfreertos_kernel.a(tasks.c.obj)
 .debug_frame   0x00001320      0x174 FreeRTOS-Kernel/libfreertos_kernel.a(heap_4.c.obj)
 .debug_frame   0x00001494      0x198 FreeRTOS-Kernel/libfreertos_kernel.a(port.c.obj)
 .debug_frame   0x0000162c       0xd8 FreeRTOS-Kernel/libfreertos_kernel.a(list.c.obj)

.debug_rnglists
                0x00000000      0x4b5
 .debug_rnglists
                0x00000000       0x13 CMakeFiles/f103_rc.elf.dir/app/display_controller/display_controller.c.obj
 .debug_rnglists
                0x00000013       0x19 CMakeFiles/f103_rc.elf.dir/app/led_controller/led_controller.c.obj
 .debug_rnglists
                0x0000002c       0x25 CMakeFiles/f103_rc.elf.dir/app/u_rtos/u_rtos.c.obj
 .debug_rnglists
                0x00000051       0x37 CMakeFiles/f103_rc.elf.dir/core/src/bsp.c.obj
 .debug_rnglists
                0x00000088       0x13 CMakeFiles/f103_rc.elf.dir/core/src/error_handlers.c.obj
 .debug_rnglists
                0x0000009b       0x31 CMakeFiles/f103_rc.elf.dir/core/src/irq.c.obj
 .debug_rnglists
                0x000000cc       0x13 CMakeFiles/f103_rc.elf.dir/core/src/main.c.obj
 .debug_rnglists
                0x000000df       0x62 CMakeFiles/f103_rc.elf.dir/core/src/rcc.c.obj
 .debug_rnglists
                0x00000141       0x1a CMakeFiles/f103_rc.elf.dir/drivers/cmsis/src/system_stm32f1xx.c.obj
 .debug_rnglists
                0x0000015b       0xb7 CMakeFiles/f103_rc.elf.dir/drivers/ll/src/stm32f1xx_ll_utils.c.obj
 .debug_rnglists
                0x00000212       0x19 CMakeFiles/f103_rc.elf.dir/startup_stm32f103xb.s.obj
 .debug_rnglists
                0x0000022b      0x1bb FreeRTOS-Kernel/libfreertos_kernel.a(tasks.c.obj)
 .debug_rnglists
                0x000003e6       0x4e FreeRTOS-Kernel/libfreertos_kernel.a(heap_4.c.obj)
 .debug_rnglists
                0x00000434       0x56 FreeRTOS-Kernel/libfreertos_kernel.a(port.c.obj)
 .debug_rnglists
                0x0000048a       0x2b FreeRTOS-Kernel/libfreertos_kernel.a(list.c.obj)

.debug_line_str
                0x00000000       0x62
 .debug_line_str
                0x00000000       0x62 CMakeFiles/f103_rc.elf.dir/startup_stm32f103xb.s.obj
